Archive member included to satisfy reference by file (symbol)

./libopencm3/lib/libopencm3_stm32f4.a(gpio_common_f0234.o)
                              ./.obj/main.o (gpio_mode_setup)
./libopencm3/lib/libopencm3_stm32f4.a(rcc_common_all.o)
                              ./.obj/main.o (rcc_periph_clock_enable)
./libopencm3/lib/libopencm3_stm32f4.a(rcc.o)
                              ./.obj/main.o (rcc_is_osc_ready)
./libopencm3/lib/libopencm3_stm32f4.a(timer_common_all.o)
                              ./.obj/Time.o (timer_enable_irq)
./libopencm3/lib/libopencm3_stm32f4.a(usart_common_all.o)
                              ./.obj/main.o (usart_set_baudrate)
./libopencm3/lib/libopencm3_stm32f4.a(usart_common_f124.o)
                              ./libopencm3/lib/libopencm3_stm32f4.a(usart_common_all.o) (usart_send)
./libopencm3/lib/libopencm3_stm32f4.a(vector.o)
                              (reset_handler)
./libopencm3/lib/libopencm3_stm32f4.a(scb.o)
                              ./.obj/main.o (scb_reset_system)
./libopencm3/lib/libopencm3_stm32f4.a(nvic.o)
                              ./.obj/main.o (nvic_enable_irq)
./libopencm3/lib/libopencm3_stm32f4.a(flash_common_all.o)
                              ./libopencm3/lib/libopencm3_stm32f4.a(rcc.o) (flash_set_ws)
./libopencm3/lib/libopencm3_stm32f4.a(flash_common_idcache.o)
                              ./libopencm3/lib/libopencm3_stm32f4.a(rcc.o) (flash_dcache_enable)
./libopencm3/lib/libopencm3_stm32f4.a(pwr.o)
                              ./libopencm3/lib/libopencm3_stm32f4.a(rcc.o) (pwr_set_vos_scale)
/usr/lib/gcc/arm-none-eabi/10.3.1/../../../arm-none-eabi/lib/thumb/v7e-m+fp/hard/libc.a(lib_a-malloc.o)
                              ./.obj/cli_queue.o (malloc)
/usr/lib/gcc/arm-none-eabi/10.3.1/../../../arm-none-eabi/lib/thumb/v7e-m+fp/hard/libc.a(lib_a-mallocr.o)
                              /usr/lib/gcc/arm-none-eabi/10.3.1/../../../arm-none-eabi/lib/thumb/v7e-m+fp/hard/libc.a(lib_a-malloc.o) (_malloc_r)
/usr/lib/gcc/arm-none-eabi/10.3.1/../../../arm-none-eabi/lib/thumb/v7e-m+fp/hard/libc.a(lib_a-memcmp.o)
                              ./.obj/cli_queue.o (memcmp)
/usr/lib/gcc/arm-none-eabi/10.3.1/../../../arm-none-eabi/lib/thumb/v7e-m+fp/hard/libc.a(lib_a-memcpy.o)
                              ./.obj/cli_queue.o (memcpy)
/usr/lib/gcc/arm-none-eabi/10.3.1/../../../arm-none-eabi/lib/thumb/v7e-m+fp/hard/libc.a(lib_a-mlock.o)
                              /usr/lib/gcc/arm-none-eabi/10.3.1/../../../arm-none-eabi/lib/thumb/v7e-m+fp/hard/libc.a(lib_a-mallocr.o) (__malloc_lock)
/usr/lib/gcc/arm-none-eabi/10.3.1/../../../arm-none-eabi/lib/thumb/v7e-m+fp/hard/libc.a(lib_a-sbrkr.o)
                              /usr/lib/gcc/arm-none-eabi/10.3.1/../../../arm-none-eabi/lib/thumb/v7e-m+fp/hard/libc.a(lib_a-mallocr.o) (_sbrk_r)
/usr/lib/gcc/arm-none-eabi/10.3.1/../../../arm-none-eabi/lib/thumb/v7e-m+fp/hard/libc.a(lib_a-sprintf.o)
                              ./.obj/terminal.o (sprintf)
/usr/lib/gcc/arm-none-eabi/10.3.1/../../../arm-none-eabi/lib/thumb/v7e-m+fp/hard/libc.a(lib_a-strcpy.o)
                              ./.obj/main.o (strcpy)
/usr/lib/gcc/arm-none-eabi/10.3.1/../../../arm-none-eabi/lib/thumb/v7e-m+fp/hard/libc.a(lib_a-strtol.o)
                              ./.obj/terminal.o (strtol)
/usr/lib/gcc/arm-none-eabi/10.3.1/../../../arm-none-eabi/lib/thumb/v7e-m+fp/hard/libc.a(lib_a-svfprintf.o)
                              /usr/lib/gcc/arm-none-eabi/10.3.1/../../../arm-none-eabi/lib/thumb/v7e-m+fp/hard/libc.a(lib_a-sprintf.o) (_svfprintf_r)
/usr/lib/gcc/arm-none-eabi/10.3.1/../../../arm-none-eabi/lib/thumb/v7e-m+fp/hard/libc.a(lib_a-ctype_.o)
                              /usr/lib/gcc/arm-none-eabi/10.3.1/../../../arm-none-eabi/lib/thumb/v7e-m+fp/hard/libc.a(lib_a-strtol.o) (_ctype_)
/usr/lib/gcc/arm-none-eabi/10.3.1/../../../arm-none-eabi/lib/thumb/v7e-m+fp/hard/libc.a(lib_a-dtoa.o)
                              /usr/lib/gcc/arm-none-eabi/10.3.1/../../../arm-none-eabi/lib/thumb/v7e-m+fp/hard/libc.a(lib_a-svfprintf.o) (_dtoa_r)
/usr/lib/gcc/arm-none-eabi/10.3.1/../../../arm-none-eabi/lib/thumb/v7e-m+fp/hard/libc.a(lib_a-errno.o)
                              /usr/lib/gcc/arm-none-eabi/10.3.1/../../../arm-none-eabi/lib/thumb/v7e-m+fp/hard/libc.a(lib_a-strtol.o) (__errno)
/usr/lib/gcc/arm-none-eabi/10.3.1/../../../arm-none-eabi/lib/thumb/v7e-m+fp/hard/libc.a(lib_a-freer.o)
                              /usr/lib/gcc/arm-none-eabi/10.3.1/../../../arm-none-eabi/lib/thumb/v7e-m+fp/hard/libc.a(lib_a-malloc.o) (_free_r)
/usr/lib/gcc/arm-none-eabi/10.3.1/../../../arm-none-eabi/lib/thumb/v7e-m+fp/hard/libc.a(lib_a-impure.o)
                              /usr/lib/gcc/arm-none-eabi/10.3.1/../../../arm-none-eabi/lib/thumb/v7e-m+fp/hard/libc.a(lib_a-malloc.o) (_impure_ptr)
/usr/lib/gcc/arm-none-eabi/10.3.1/../../../arm-none-eabi/lib/thumb/v7e-m+fp/hard/libc.a(lib_a-localeconv.o)
[...]
Memory Configuration

Name             Origin             Length             Attributes
ram              0x0000000020000000 0x0000000000010000 xrw
rom              0x0000000008000000 0x0000000000040000 xr
*default*        0x0000000000000000 0xffffffffffffffff

Linker script and memory map

LOAD ./.obj/main.o
LOAD ./.obj/Time.o
LOAD ./.obj/cli_queue.o
LOAD ./.obj/cli_string.o
LOAD ./.obj/cli_input.o
LOAD ./.obj/cli_log.o
LOAD ./.obj/cli_time.o
LOAD ./.obj/terminal.o
LOAD ./.obj/my_test_commands.o
LOAD ./libopencm3/lib/libopencm3_stm32f4.a
START GROUP
LOAD /usr/lib/gcc/arm-none-eabi/10.3.1/../../../arm-none-eabi/lib/thumb/v7e-m+fp/hard/libc.a
LOAD /usr/lib/gcc/arm-none-eabi/10.3.1/thumb/v7e-m+fp/hard/libgcc.a
LOAD /usr/lib/gcc/arm-none-eabi/10.3.1/../../../arm-none-eabi/lib/thumb/v7e-m+fp/hard/libnosys.a
END GROUP
START GROUP
LOAD /usr/lib/gcc/arm-none-eabi/10.3.1/thumb/v7e-m+fp/hard/libgcc.a
LOAD /usr/lib/gcc/arm-none-eabi/10.3.1/../../../arm-none-eabi/lib/thumb/v7e-m+fp/hard/libg.a
LOAD /usr/lib/gcc/arm-none-eabi/10.3.1/../../../arm-none-eabi/lib/thumb/v7e-m+fp/hard/libc.a
END GROUP

.text           0x0000000008000000     0xa3b8
 *(.vectors)
 .vectors       0x0000000008000000      0x1ac ./libopencm3/lib/libopencm3_stm32f4.a(vector.o)
                0x0000000008000000                vector_table
 *(.text*)
 .text.TUSART_PutChar
                0x00000000080001ac        0xc ./.obj/main.o
                0x00000000080001ac                TUSART_PutChar
 .text.TUSART_Print
                0x00000000080001b8       0x18 ./.obj/main.o
                0x00000000080001b8                TUSART_Print
 .text.TUSART_GetChar
                0x00000000080001d0       0x20 ./.obj/main.o
                0x00000000080001d0                TUSART_GetChar
 .text._reset_fcn
                0x00000000080001f0       0x1c ./.obj/main.o
                0x00000000080001f0                _reset_fcn
 .text.Gpio_setup
                0x000000000800020c       0x48 ./.obj/main.o
                0x000000000800020c                Gpio_setup
 .text.Uart_setup
                0x0000000008000254       0x60 ./.obj/main.o
                0x0000000008000254                Uart_setup
 .text._InitHW  0x00000000080002b4       0x2e ./.obj/main.o
                0x00000000080002b4                _InitHW
 .text._InitSW  0x00000000080002e2       0x12 ./.obj/main.o
                0x00000000080002e2                _InitSW
 .text.startup.main
                0x00000000080002f4       0x10 ./.obj/main.o
                0x00000000080002f4                main
 .text.usart1_isr
                0x0000000008000304       0x1a ./.obj/main.o
                0x0000000008000304                usart1_isr
 *fill*         0x000000000800031e        0x2 
 .text.Time_setup
                0x0000000008000320       0x80 ./.obj/Time.o
                0x0000000008000320                Time_setup
 .text.Time_get_counter
                0x00000000080003a0       0x1c ./.obj/Time.o
                0x00000000080003a0                Time_get_counter
 .text.tim2_isr
                0x00000000080003bc       0x24 ./.obj/Time.o
                0x00000000080003bc                tim2_isr
 .text.Q_Init   0x00000000080003e0       0x20 ./.obj/cli_queue.o
                0x00000000080003e0                Q_Init
 .text.Q_Push   0x0000000008000400       0x50 ./.obj/cli_queue.o
                0x0000000008000400                Q_Push
 .text.Q_IsEqual
                0x0000000008000450       0x1e ./.obj/cli_queue.o
                0x0000000008000450                Q_IsEqual
 .text.ArgDestroy
                0x000000000800046e        0x6 ./.obj/cli_string.o
                0x000000000800046e                ArgDestroy
 .text._strcpy  0x0000000008000474       0x20 ./.obj/cli_string.o
                0x0000000008000474                _strcpy
 .text._strlen  0x0000000008000494       0x18 ./.obj/cli_string.o
                0x0000000008000494                _strlen
 .text._getCountSeparator
                0x00000000080004ac       0x36 ./.obj/cli_string.o
                0x00000000080004ac                _getCountSeparator
 .text.split    0x00000000080004e2       0x76 ./.obj/cli_string.o
                0x00000000080004e2                split
 .text._strPartCmp
                0x0000000008000558       0x28 ./.obj/cli_string.o
                0x0000000008000558                _strPartCmp
 .text._strcmp  0x0000000008000580       0x52 ./.obj/cli_string.o
                0x0000000008000580                _strcmp
 *fill*         0x00000000080005d2        0x2 
 .text.INPUT_Refresh
                0x00000000080005d4       0xb8 ./.obj/cli_input.o
                0x00000000080005d4                INPUT_Refresh
 .text.INPUT_IsEmpty
                0x000000000800068c       0x18 ./.obj/cli_input.o
                0x000000000800068c                INPUT_IsEmpty
 .text.INPUT_IsFull
                0x00000000080006a4       0x18 ./.obj/cli_input.o
                0x00000000080006a4                INPUT_IsFull
 .text.INPUT_RemChar
                0x00000000080006bc       0xa8 ./.obj/cli_input.o
                0x00000000080006bc                INPUT_RemChar
 .text.INPUT_AddChar
                0x0000000008000764       0xb8 ./.obj/cli_input.o
                0x0000000008000764                INPUT_AddChar
 .text.INPUT_Init
                0x000000000800081c       0x58 ./.obj/cli_input.o
                0x000000000800081c                INPUT_Init
 .text.INPUT_PutChar
                0x0000000008000874      0x128 ./.obj/cli_input.o
                0x0000000008000874                INPUT_PutChar
 .text.INPUT_Cache
                0x000000000800099c       0x1c ./.obj/cli_input.o
                0x000000000800099c                INPUT_Cache
 .text.INPUT_Reset
                0x00000000080009b8       0x18 ./.obj/cli_input.o
                0x00000000080009b8                INPUT_Reset
 .text.INPUT_GetLastChar
                0x00000000080009d0       0x18 ./.obj/cli_input.o
                0x00000000080009d0                INPUT_GetLastChar
 .text.INPUT_CursorShift
                0x00000000080009e8       0x14 ./.obj/cli_input.o
                0x00000000080009e8                INPUT_CursorShift
 .text.INPUT_GetBuffer
                0x00000000080009fc       0x10 ./.obj/cli_input.o
                0x00000000080009fc                INPUT_GetBuffer
 .text.INPUT_SetBuffer
                0x0000000008000a0c       0x24 ./.obj/cli_input.o
                0x0000000008000a0c                INPUT_SetBuffer
 .text.INPUT_CursorToHome
                0x0000000008000a30       0x28 ./.obj/cli_input.o
                0x0000000008000a30                INPUT_CursorToHome
 .text.INPUT_CursorToEnd
                0x0000000008000a58       0x28 ./.obj/cli_input.o
                0x0000000008000a58                INPUT_CursorToEnd
 .text.INPUT_CursorToLeft
                0x0000000008000a80       0x28 ./.obj/cli_input.o
                0x0000000008000a80                INPUT_CursorToLeft
 .text.INPUT_CursorToRight
                0x0000000008000aa8       0x2c ./.obj/cli_input.o
                0x0000000008000aa8                INPUT_CursorToRight
 .text.INPUT_Delete
                0x0000000008000ad4       0x5c ./.obj/cli_input.o
                0x0000000008000ad4                INPUT_Delete
 .text.INPUT_Backspace
                0x0000000008000b30       0x24 ./.obj/cli_input.o
                0x0000000008000b30                INPUT_Backspace
 .text.CLI_LogCmdPush
                0x0000000008000b54       0xac ./.obj/cli_log.o
                0x0000000008000b54                CLI_LogCmdPush
 .text.CLI_GetNextCmd
                0x0000000008000c00       0x2c ./.obj/cli_log.o
                0x0000000008000c00                CLI_GetNextCmd
 .text.CLI_GetLastCmd
                0x0000000008000c2c       0x28 ./.obj/cli_log.o
                0x0000000008000c2c                CLI_GetLastCmd
 .text.CLI_CurReset
                0x0000000008000c54       0x10 ./.obj/cli_log.o
                0x0000000008000c54                CLI_CurReset
 .text.CLI_LogInit
                0x0000000008000c64       0x24 ./.obj/cli_log.o
                0x0000000008000c64                CLI_LogInit
 .text.CLI_GetFormatTimeByMs
                0x0000000008000c88       0x34 ./.obj/cli_time.o
                0x0000000008000c88                CLI_GetFormatTimeByMs
 .text.CLI_SetBaseTimeFromMs
                0x0000000008000cbc        0xc ./.obj/cli_time.o
                0x0000000008000cbc                CLI_SetBaseTimeFromMs
 .text.CLI_SetBaseTimeFromHMS
                0x0000000008000cc8       0x24 ./.obj/cli_time.o
                0x0000000008000cc8                CLI_SetBaseTimeFromHMS
 .text.CLI_GetFormatLastTimeByMs
                0x0000000008000cec       0x14 ./.obj/cli_time.o
                0x0000000008000cec                CLI_GetFormatLastTimeByMs
 .text._help_cmd
                0x0000000008000d00       0x84 ./.obj/terminal.o
 .text._reset_cpu
                0x0000000008000d84        0xa ./.obj/terminal.o
 *fill*         0x0000000008000d8e        0x2 
 .text.CLI_GetIntState
                0x0000000008000d90       0x10 ./.obj/terminal.o
                0x0000000008000d90                CLI_GetIntState
 .text._IndexOfFlag
                0x0000000008000da0       0x38 ./.obj/terminal.o
                0x0000000008000da0                _IndexOfFlag
 .text.CLI_GetArgDec
                0x0000000008000dd8       0x18 ./.obj/terminal.o
                0x0000000008000dd8                CLI_GetArgDec
 .text._settime_cmd
                0x0000000008000df0       0x26 ./.obj/terminal.o
 *fill*         0x0000000008000e16        0x2 
 .text.CLI_GetArgHex
                0x0000000008000e18       0x18 ./.obj/terminal.o
                0x0000000008000e18                CLI_GetArgHex
 .text._cpurb_cmd
                0x0000000008000e30       0x48 ./.obj/terminal.o
 .text._cpuw_cmd
                0x0000000008000e78       0x16 ./.obj/terminal.o
 *fill*         0x0000000008000e8e        0x2 
 .text._cpur_cmd
                0x0000000008000e90       0x28 ./.obj/terminal.o
 .text.CLI_GetArgHexByFlag
                0x0000000008000eb8       0x2c ./.obj/terminal.o
                0x0000000008000eb8                CLI_GetArgHexByFlag
 .text._PrintResultExec
                0x0000000008000ee4       0x44 ./.obj/terminal.o
                0x0000000008000ee4                _PrintResultExec
 .text._PrintResultAddCmd
                0x0000000008000f28       0x44 ./.obj/terminal.o
                0x0000000008000f28                _PrintResultAddCmd
 .text.CLI_AddCmd
                0x0000000008000f6c       0x8c ./.obj/terminal.o
                0x0000000008000f6c                CLI_AddCmd
 .text.CLI_Init
                0x0000000008000ff8      0x254 ./.obj/terminal.o
                0x0000000008000ff8                CLI_Init
 .text._findTermCmd
                0x000000000800124c       0x30 ./.obj/terminal.o
                0x000000000800124c                _findTermCmd
 .text._findPartTermCmd
                0x000000000800127c       0x3c ./.obj/terminal.o
                0x000000000800127c                _findPartTermCmd
 .text._PrintTime
                0x00000000080012b8       0x2c ./.obj/terminal.o
                0x00000000080012b8                _PrintTime
 .text.CLI_PrintTime
                0x00000000080012e4       0x34 ./.obj/terminal.o
                0x00000000080012e4                CLI_PrintTime
 .text._gettime_cmd
                0x0000000008001318       0x20 ./.obj/terminal.o
 .text._Execute
                0x0000000008001338       0xc4 ./.obj/terminal.o
                0x0000000008001338                _Execute
 .text._ExecuteString
                0x00000000080013fc       0x60 ./.obj/terminal.o
                0x00000000080013fc                _ExecuteString
 .text.CLI_Execute
                0x000000000800145c       0x24 ./.obj/terminal.o
                0x000000000800145c                CLI_Execute
 .text.CLI_EnterChar
                0x0000000008001480      0x1a4 ./.obj/terminal.o
                0x0000000008001480                CLI_EnterChar
 .text._t2_cmd  0x0000000008001624       0x24 ./.obj/my_test_commands.o
 .text._t1_cmd  0x0000000008001648       0x50 ./.obj/my_test_commands.o
 .text.MyTestCmds_Init
                0x0000000008001698       0x40 ./.obj/my_test_commands.o
                0x0000000008001698                MyTestCmds_Init
 .text.gpio_mode_setup
                0x00000000080016d8       0x40 ./libopencm3/lib/libopencm3_stm32f4.a(gpio_common_f0234.o)
                0x00000000080016d8                gpio_mode_setup
 .text.gpio_set_af
                0x0000000008001718       0x58 ./libopencm3/lib/libopencm3_stm32f4.a(gpio_common_f0234.o)
                0x0000000008001718                gpio_set_af
 .text.rcc_periph_clock_enable
                0x0000000008001770       0x1c ./libopencm3/lib/libopencm3_stm32f4.a(rcc_common_all.o)
                0x0000000008001770                rcc_periph_clock_enable
 .text.rcc_periph_reset_pulse
                0x000000000800178c       0x24 ./libopencm3/lib/libopencm3_stm32f4.a(rcc_common_all.o)
                0x000000000800178c                rcc_periph_reset_pulse
 .text.rcc_is_osc_ready
                0x00000000080017b0       0x64 ./libopencm3/lib/libopencm3_stm32f4.a(rcc.o)
                0x00000000080017b0                rcc_is_osc_ready
 .text.rcc_wait_for_sysclk_status
                0x0000000008001814       0x40 ./libopencm3/lib/libopencm3_stm32f4.a(rcc.o)
                0x0000000008001814                rcc_wait_for_sysclk_status
 .text.rcc_osc_on
                0x0000000008001854       0x74 ./libopencm3/lib/libopencm3_stm32f4.a(rcc.o)
                0x0000000008001854                rcc_osc_on
 .text.rcc_set_sysclk_source
                0x00000000080018c8       0x18 ./libopencm3/lib/libopencm3_stm32f4.a(rcc.o)
                0x00000000080018c8                rcc_set_sysclk_source
 .text.rcc_get_usart_clk_freq
                0x00000000080018e0       0x20 ./libopencm3/lib/libopencm3_stm32f4.a(rcc.o)
                0x00000000080018e0                rcc_get_usart_clk_freq
 .text.timer_enable_irq
                0x0000000008001900        0x8 ./libopencm3/lib/libopencm3_stm32f4.a(timer_common_all.o)
                0x0000000008001900                timer_enable_irq
 .text.timer_clear_flag
                0x0000000008001908        0x6 ./libopencm3/lib/libopencm3_stm32f4.a(timer_common_all.o)
                0x0000000008001908                timer_clear_flag
 .text.timer_set_mode
                0x000000000800190e       0x12 ./libopencm3/lib/libopencm3_stm32f4.a(timer_common_all.o)
                0x000000000800190e                timer_set_mode
 .text.timer_disable_preload
                0x0000000008001920        0xa ./libopencm3/lib/libopencm3_stm32f4.a(timer_common_all.o)
                0x0000000008001920                timer_disable_preload
 .text.timer_continuous_mode
                0x000000000800192a        0xa ./libopencm3/lib/libopencm3_stm32f4.a(timer_common_all.o)
                0x000000000800192a                timer_continuous_mode
 .text.timer_enable_counter
                0x0000000008001934        0xa ./libopencm3/lib/libopencm3_stm32f4.a(timer_common_all.o)
                0x0000000008001934                timer_enable_counter
 .text.timer_set_prescaler
                0x000000000800193e        0x4 ./libopencm3/lib/libopencm3_stm32f4.a(timer_common_all.o)
                0x000000000800193e                timer_set_prescaler
 .text.timer_set_period
                0x0000000008001942        0x4 ./libopencm3/lib/libopencm3_stm32f4.a(timer_common_all.o)
                0x0000000008001942                timer_set_period
 .text.timer_generate_event
                0x0000000008001946        0x8 ./libopencm3/lib/libopencm3_stm32f4.a(timer_common_all.o)
                0x0000000008001946                timer_generate_event
 .text.timer_get_counter
                0x000000000800194e        0x4 ./libopencm3/lib/libopencm3_stm32f4.a(timer_common_all.o)
                0x000000000800194e                timer_get_counter
 .text.usart_set_baudrate
                0x0000000008001952       0x16 ./libopencm3/lib/libopencm3_stm32f4.a(usart_common_all.o)
                0x0000000008001952                usart_set_baudrate
 .text.usart_set_databits
                0x0000000008001968       0x12 ./libopencm3/lib/libopencm3_stm32f4.a(usart_common_all.o)
                0x0000000008001968                usart_set_databits
 .text.usart_set_stopbits
                0x000000000800197a        0xc ./libopencm3/lib/libopencm3_stm32f4.a(usart_common_all.o)
                0x000000000800197a                usart_set_stopbits
 .text.usart_set_parity
                0x0000000008001986        0xc ./libopencm3/lib/libopencm3_stm32f4.a(usart_common_all.o)
                0x0000000008001986                usart_set_parity
 .text.usart_set_mode
                0x0000000008001992        0xc ./libopencm3/lib/libopencm3_stm32f4.a(usart_common_all.o)
                0x0000000008001992                usart_set_mode
 .text.usart_set_flow_control
                0x000000000800199e        0xc ./libopencm3/lib/libopencm3_stm32f4.a(usart_common_all.o)
                0x000000000800199e                usart_set_flow_control
 .text.usart_enable
                0x00000000080019aa        0xa ./libopencm3/lib/libopencm3_stm32f4.a(usart_common_all.o)
                0x00000000080019aa                usart_enable
 .text.usart_send_blocking
                0x00000000080019b4       0x18 ./libopencm3/lib/libopencm3_stm32f4.a(usart_common_all.o)
                0x00000000080019b4                usart_send_blocking
 .text.usart_enable_rx_interrupt
                0x00000000080019cc        0xa ./libopencm3/lib/libopencm3_stm32f4.a(usart_common_all.o)
                0x00000000080019cc                usart_enable_rx_interrupt
 .text.usart_send
                0x00000000080019d6        0x8 ./libopencm3/lib/libopencm3_stm32f4.a(usart_common_f124.o)
                0x00000000080019d6                usart_send
 .text.usart_recv
                0x00000000080019de        0x8 ./libopencm3/lib/libopencm3_stm32f4.a(usart_common_f124.o)
                0x00000000080019de                usart_recv
 .text.usart_wait_send_ready
                0x00000000080019e6        0x8 ./libopencm3/lib/libopencm3_stm32f4.a(usart_common_f124.o)
                0x00000000080019e6                usart_wait_send_ready
 .text.usart_get_flag
                0x00000000080019ee        0xc ./libopencm3/lib/libopencm3_stm32f4.a(usart_common_f124.o)
                0x00000000080019ee                usart_get_flag
 .text.blocking_handler
                0x00000000080019fa        0x2 ./libopencm3/lib/libopencm3_stm32f4.a(vector.o)
                0x00000000080019fa                dma2_stream1_isr
                0x00000000080019fa                tim8_brk_tim12_isr
                0x00000000080019fa                dma1_stream7_isr
                0x00000000080019fa                usart3_isr
                0x00000000080019fa                tim7_isr
                0x00000000080019fa                dma2d_isr
                0x00000000080019fa                uart8_isr
                0x00000000080019fa                dma1_stream2_isr
                0x00000000080019fa                otg_hs_isr
                0x00000000080019fa                blocking_handler
                0x00000000080019fa                tim5_isr
                0x00000000080019fa                rtc_wkup_isr
                0x00000000080019fa                otg_fs_isr
                0x00000000080019fa                spi1_isr
                0x00000000080019fa                i2c3_er_isr
                0x00000000080019fa                exti2_isr
                0x00000000080019fa                spi5_isr
                0x00000000080019fa                usb_fs_wkup_isr
                0x00000000080019fa                tamp_stamp_isr
                0x00000000080019fa                can1_rx1_isr
                0x00000000080019fa                dma2_stream0_isr
                0x00000000080019fa                i2c3_ev_isr
                0x00000000080019fa                usage_fault_handler
                0x00000000080019fa                can2_rx0_isr
                0x00000000080019fa                dma1_stream6_isr
                0x00000000080019fa                can2_rx1_isr
                0x00000000080019fa                can1_sce_isr
                0x00000000080019fa                tim1_cc_isr
                0x00000000080019fa                can1_tx_isr
                0x00000000080019fa                tim1_up_tim10_isr
                0x00000000080019fa                sdio_isr
                0x00000000080019fa                eth_isr
                0x00000000080019fa                spi6_isr
                0x00000000080019fa                dma2_stream5_isr
                0x00000000080019fa                pvd_isr
                0x00000000080019fa                can1_rx0_isr
                0x00000000080019fa                rcc_isr
                0x00000000080019fa                dma2_stream3_isr
                0x00000000080019fa                flash_isr
                0x00000000080019fa                uart4_isr
                0x00000000080019fa                lcd_tft_isr
                0x00000000080019fa                rtc_alarm_isr
                0x00000000080019fa                exti15_10_isr
                0x00000000080019fa                hash_rng_isr
                0x00000000080019fa                tim1_trg_com_tim11_isr
                0x00000000080019fa                hard_fault_handler
                0x00000000080019fa                exti1_isr
                0x00000000080019fa                i2c1_ev_isr
                0x00000000080019fa                usart6_isr
                0x00000000080019fa                spi2_isr
                0x00000000080019fa                cryp_isr
                0x00000000080019fa                nvic_wwdg_isr
                0x00000000080019fa                dma1_stream1_isr
                0x00000000080019fa                dma2_stream4_isr
                0x00000000080019fa                exti3_isr
                0x00000000080019fa                tim3_isr
                0x00000000080019fa                usart2_isr
                0x00000000080019fa                sai1_isr
                0x00000000080019fa                fpu_isr
                0x00000000080019fa                dma1_stream4_isr
                0x00000000080019fa                i2c2_er_isr
                0x00000000080019fa                i2c2_ev_isr
                0x00000000080019fa                uart5_isr
                0x00000000080019fa                dma2_stream6_isr
                0x00000000080019fa                spi4_isr
                0x00000000080019fa                adc_isr
                0x00000000080019fa                dma2_stream7_isr
                0x00000000080019fa                tim8_up_tim13_isr
                0x00000000080019fa                fsmc_isr
                0x00000000080019fa                exti4_isr
                0x00000000080019fa                tim6_dac_isr
                0x00000000080019fa                dma1_stream3_isr
                0x00000000080019fa                tim8_trg_com_tim14_isr
                0x00000000080019fa                mem_manage_handler
                0x00000000080019fa                lcd_tft_err_isr
                0x00000000080019fa                can2_tx_isr
                0x00000000080019fa                exti9_5_isr
                0x00000000080019fa                tim1_brk_tim9_isr
                0x00000000080019fa                uart7_isr
                0x00000000080019fa                can2_sce_isr
                0x00000000080019fa                tim4_isr
                0x00000000080019fa                otg_hs_wkup_isr
                0x00000000080019fa                i2c1_er_isr
                0x00000000080019fa                dma1_stream0_isr
                0x00000000080019fa                tim8_cc_isr
                0x00000000080019fa                dcmi_isr
                0x00000000080019fa                dma2_stream2_isr
                0x00000000080019fa                eth_wkup_isr
                0x00000000080019fa                bus_fault_handler
                0x00000000080019fa                otg_hs_ep1_out_isr
                0x00000000080019fa                spi3_isr
                0x00000000080019fa                dma1_stream5_isr
                0x00000000080019fa                otg_hs_ep1_in_isr
                0x00000000080019fa                exti0_isr
 .text.null_handler
                0x00000000080019fc        0x2 ./libopencm3/lib/libopencm3_stm32f4.a(vector.o)
                0x00000000080019fc                null_handler
                0x00000000080019fc                sv_call_handler
                0x00000000080019fc                pend_sv_handler
                0x00000000080019fc                debug_monitor_handler
                0x00000000080019fc                sys_tick_handler
                0x00000000080019fc                nmi_handler
 *fill*         0x00000000080019fe        0x2 
 .text.reset_handler
                0x0000000008001a00       0xa0 ./libopencm3/lib/libopencm3_stm32f4.a(vector.o)
                0x0000000008001a00                reset_handler
 .text.scb_reset_system
                0x0000000008001aa0       0x10 ./libopencm3/lib/libopencm3_stm32f4.a(scb.o)
                0x0000000008001aa0                scb_reset_system
 .text.nvic_enable_irq
                0x0000000008001ab0       0x1c ./libopencm3/lib/libopencm3_stm32f4.a(nvic.o)
                0x0000000008001ab0                nvic_enable_irq
 .text.nvic_set_priority
                0x0000000008001acc       0x20 ./libopencm3/lib/libopencm3_stm32f4.a(nvic.o)
                0x0000000008001acc                nvic_set_priority
 .text          0x0000000008001aec       0x20 /usr/lib/gcc/arm-none-eabi/10.3.1/../../../arm-none-eabi/lib/thumb/v7e-m+fp/hard/libc.a(lib_a-malloc.o)
                0x0000000008001aec                malloc
                0x0000000008001afc                free
 .text          0x0000000008001b0c      0x554 /usr/lib/gcc/arm-none-eabi/10.3.1/../../../arm-none-eabi/lib/thumb/v7e-m+fp/hard/libc.a(lib_a-mallocr.o)
                0x0000000008001b0c                _malloc_r
 .text          0x0000000008002060       0x64 /usr/lib/gcc/arm-none-eabi/10.3.1/../../../arm-none-eabi/lib/thumb/v7e-m+fp/hard/libc.a(lib_a-memcmp.o)
                0x0000000008002060                memcmp
 .text          0x00000000080020c4      0x134 /usr/lib/gcc/arm-none-eabi/10.3.1/../../../arm-none-eabi/lib/thumb/v7e-m+fp/hard/libc.a(lib_a-memcpy.o)
                0x00000000080020c4                memcpy
 .text          0x00000000080021f8        0x8 /usr/lib/gcc/arm-none-eabi/10.3.1/../../../arm-none-eabi/lib/thumb/v7e-m+fp/hard/libc.a(lib_a-mlock.o)
                0x00000000080021f8                __malloc_lock
                0x00000000080021fc                __malloc_unlock
 .text          0x0000000008002200       0x24 /usr/lib/gcc/arm-none-eabi/10.3.1/../../../arm-none-eabi/lib/thumb/v7e-m+fp/hard/libc.a(lib_a-sbrkr.o)
                0x0000000008002200                _sbrk_r
 .text          0x0000000008002224       0x78 /usr/lib/gcc/arm-none-eabi/10.3.1/../../../arm-none-eabi/lib/thumb/v7e-m+fp/hard/libc.a(lib_a-sprintf.o)
                0x0000000008002224                _sprintf_r
                0x000000000800225c                sprintf
 .text          0x000000000800229c       0xbc /usr/lib/gcc/arm-none-eabi/10.3.1/../../../arm-none-eabi/lib/thumb/v7e-m+fp/hard/libc.a(lib_a-strcpy.o)
                0x000000000800229c                strcpy
 .text          0x0000000008002358      0x188 /usr/lib/gcc/arm-none-eabi/10.3.1/../../../arm-none-eabi/lib/thumb/v7e-m+fp/hard/libc.a(lib_a-strtol.o)
                0x0000000008002478                _strtol_r
                0x0000000008002490                strtol_l
                0x00000000080024b8                strtol
 .text          0x00000000080024e0     0x14bc /usr/lib/gcc/arm-none-eabi/10.3.1/../../../arm-none-eabi/lib/thumb/v7e-m+fp/hard/libc.a(lib_a-svfprintf.o)
                0x00000000080024e0                _svfprintf_r
 *fill*         0x000000000800399c        0x4 
 .text          0x00000000080039a0     0x1064 /usr/lib/gcc/arm-none-eabi/10.3.1/../../../arm-none-eabi/lib/thumb/v7e-m+fp/hard/libc.a(lib_a-dtoa.o)
                0x0000000008003ac8                _dtoa_r
 .text          0x0000000008004a04        0xc /usr/lib/gcc/arm-none-eabi/10.3.1/../../../arm-none-eabi/lib/thumb/v7e-m+fp/hard/libc.a(lib_a-errno.o)
                0x0000000008004a04                __errno
 .text          0x0000000008004a10      0x2ac /usr/lib/gcc/arm-none-eabi/10.3.1/../../../arm-none-eabi/lib/thumb/v7e-m+fp/hard/libc.a(lib_a-freer.o)
                0x0000000008004a10                _malloc_trim_r
                0x0000000008004ab0                _free_r
 .text          0x0000000008004cbc       0x14 /usr/lib/gcc/arm-none-eabi/10.3.1/../../../arm-none-eabi/lib/thumb/v7e-m+fp/hard/libc.a(lib_a-localeconv.o)
                0x0000000008004cbc                __localeconv_l
                0x0000000008004cc0                _localeconv_r
                0x0000000008004cc8                localeconv
 .text          0x0000000008004cd0       0xa0 /usr/lib/gcc/arm-none-eabi/10.3.1/../../../arm-none-eabi/lib/thumb/v7e-m+fp/hard/libc.a(lib_a-memchr.o)
                0x0000000008004cd0                memchr
 .text          0x0000000008004d70      0xaa0 /usr/lib/gcc/arm-none-eabi/10.3.1/../../../arm-none-eabi/lib/thumb/v7e-m+fp/hard/libc.a(lib_a-mprec.o)
                0x0000000008004d70                _Balloc
                0x0000000008004dbc                _Bfree
                0x0000000008004dd0                __multadd
                0x0000000008004e78                __s2b
                0x0000000008004f2c                __hi0bits
                0x0000000008004f6c                __lo0bits
                0x0000000008004fcc                __i2b
                0x0000000008005028                __multiply
                0x0000000008005184                __pow5mult
                0x0000000008005244                __lshift
                0x0000000008005334                __mcmp
                0x0000000008005378                __mdiff
                0x00000000080054c4                __ulp
                0x0000000008005524                __b2d
                0x00000000080055e4                __d2b
                0x00000000080056b4                __ratio
                0x0000000008005710                _mprec_log10
                0x0000000008005750                __copybits
                0x00000000080057ac                __any_on
 *fill*         0x0000000008005810       0x30 
 .text          0x0000000008005840       0xdc /usr/lib/gcc/arm-none-eabi/10.3.1/../../../arm-none-eabi/lib/thumb/v7e-m+fp/hard/libc.a(lib_a-strlen.o)
                0x0000000008005840                strlen
 .text          0x000000000800591c      0xb54 /usr/lib/gcc/arm-none-eabi/10.3.1/../../../arm-none-eabi/lib/thumb/v7e-m+fp/hard/libc.a(lib_a-svfiprintf.o)
                0x000000000800591c                __ssprint_r
                0x0000000008005a14                _svfiprintf_r
 .text          0x0000000008006470       0x4c /usr/lib/gcc/arm-none-eabi/10.3.1/../../../arm-none-eabi/lib/thumb/v7e-m+fp/hard/libc.a(lib_a-assert.o)
                0x0000000008006470                __assert_func
                0x00000000080064b0                __assert
 .text          0x00000000080064bc       0x60 /usr/lib/gcc/arm-none-eabi/10.3.1/../../../arm-none-eabi/lib/thumb/v7e-m+fp/hard/libc.a(lib_a-callocr.o)
                0x00000000080064bc                _calloc_r
 .text          0x000000000800651c       0x44 /usr/lib/gcc/arm-none-eabi/10.3.1/../../../arm-none-eabi/lib/thumb/v7e-m+fp/hard/libc.a(lib_a-fiprintf.o)
                0x000000000800651c                _fiprintf_r
                0x0000000008006538                fiprintf
 .text          0x0000000008006560       0x8c /usr/lib/gcc/arm-none-eabi/10.3.1/../../../arm-none-eabi/lib/thumb/v7e-m+fp/hard/libc.a(lib_a-locale.o)
                0x0000000008006560                _setlocale_r
                0x00000000080065a0                __locale_mb_cur_max
                0x00000000080065ac                setlocale
 .text          0x00000000080065ec       0x40 /usr/lib/gcc/arm-none-eabi/10.3.1/../../../arm-none-eabi/lib/thumb/v7e-m+fp/hard/libc.a(lib_a-mbtowc_r.o)
                0x00000000080065ec                _mbtowc_r
                0x0000000008006600                __ascii_mbtowc
 .text          0x000000000800662c       0xf8 /usr/lib/gcc/arm-none-eabi/10.3.1/../../../arm-none-eabi/lib/thumb/v7e-m+fp/hard/libc.a(lib_a-memmove.o)
                0x000000000800662c                memmove
 .text          0x0000000008006724       0xa4 /usr/lib/gcc/arm-none-eabi/10.3.1/../../../arm-none-eabi/lib/thumb/v7e-m+fp/hard/libc.a(lib_a-memset.o)
                0x0000000008006724                memset
 .text          0x00000000080067c8      0x3d8 /usr/lib/gcc/arm-none-eabi/10.3.1/../../../arm-none-eabi/lib/thumb/v7e-m+fp/hard/libc.a(lib_a-reallocr.o)
                0x00000000080067c8                _realloc_r
 .text          0x0000000008006ba0      0x2dc /usr/lib/gcc/arm-none-eabi/10.3.1/../../../arm-none-eabi/lib/thumb/v7e-m+fp/hard/libc.a(lib_a-strcmp.o)
                0x0000000008006ba8                strcmp
 .text          0x0000000008006e7c      0xd44 /usr/lib/gcc/arm-none-eabi/10.3.1/../../../arm-none-eabi/lib/thumb/v7e-m+fp/hard/libc.a(lib_a-vfiprintf.o)
                0x0000000008006ef4                __sprint_r
                0x0000000008006f0c                _vfiprintf_r
                0x0000000008007b38                vfiprintf
 .text          0x0000000008007bc0       0x30 /usr/lib/gcc/arm-none-eabi/10.3.1/../../../arm-none-eabi/lib/thumb/v7e-m+fp/hard/libc.a(lib_a-wctomb_r.o)
                0x0000000008007bc0                _wctomb_r
                0x0000000008007bd4                __ascii_wctomb
 .text          0x0000000008007bf0       0xd4 /usr/lib/gcc/arm-none-eabi/10.3.1/../../../arm-none-eabi/lib/thumb/v7e-m+fp/hard/libc.a(lib_a-wsetup.o)
                0x0000000008007bf0                __swsetup_r
 .text          0x0000000008007cc4       0x10 /usr/lib/gcc/arm-none-eabi/10.3.1/../../../arm-none-eabi/lib/thumb/v7e-m+fp/hard/libc.a(lib_a-abort.o)
                0x0000000008007cc4                abort
 .text          0x0000000008007cd4      0x1ac /usr/lib/gcc/arm-none-eabi/10.3.1/../../../arm-none-eabi/lib/thumb/v7e-m+fp/hard/libc.a(lib_a-fflush.o)
                0x0000000008007cd4                __sflush_r
                0x0000000008007e04                _fflush_r
                0x0000000008007e30                fflush
 .text          0x0000000008007e80      0x218 /usr/lib/gcc/arm-none-eabi/10.3.1/../../../arm-none-eabi/lib/thumb/v7e-m+fp/hard/libc.a(lib_a-findfp.o)
                0x0000000008007e84                _cleanup_r
                0x0000000008007f6c                __sfmoreglue
                0x0000000008007f9c                __sfp
                0x0000000008008044                _cleanup
                0x0000000008008058                __sinit
                0x0000000008008060                __sfp_lock_acquire
                0x0000000008008064                __sfp_lock_release
                0x0000000008008068                __sinit_lock_acquire
                0x000000000800806c                __sinit_lock_release
                0x0000000008008070                __fp_lock_all
                0x0000000008008084                __fp_unlock_all
 .text          0x0000000008008098      0x118 /usr/lib/gcc/arm-none-eabi/10.3.1/../../../arm-none-eabi/lib/thumb/v7e-m+fp/hard/libc.a(lib_a-fputwc.o)
                0x0000000008008098                __fputwc
                0x0000000008008140                _fputwc_r
                0x0000000008008168                fputwc
 .text          0x00000000080081b0      0x2f0 /usr/lib/gcc/arm-none-eabi/10.3.1/../../../arm-none-eabi/lib/thumb/v7e-m+fp/hard/libc.a(lib_a-fvwrite.o)
                0x00000000080081b0                __sfvwrite_r
 .text          0x00000000080084a0       0x88 /usr/lib/gcc/arm-none-eabi/10.3.1/../../../arm-none-eabi/lib/thumb/v7e-m+fp/hard/libc.a(lib_a-fwalk.o)
                0x00000000080084a0                _fwalk
                0x00000000080084e0                _fwalk_reent
 .text          0x0000000008008528      0x140 /usr/lib/gcc/arm-none-eabi/10.3.1/../../../arm-none-eabi/lib/thumb/v7e-m+fp/hard/libc.a(lib_a-makebuf.o)
                0x0000000008008528                __smakebuf_r
                0x0000000008008608                __swhatbuf_r
 .text          0x0000000008008668      0x288 /usr/lib/gcc/arm-none-eabi/10.3.1/../../../arm-none-eabi/lib/thumb/v7e-m+fp/hard/libc.a(lib_a-signal.o)
                0x0000000008008668                _init_signal_r
                0x0000000008008698                _signal_r
                0x00000000080086e4                _raise_r
                0x000000000800873c                __sigtramp_r
                0x00000000080087a0                raise
                0x00000000080087fc                signal
                0x0000000008008850                _init_signal
                0x0000000008008888                __sigtramp
 .text          0x00000000080088f0       0x30 /usr/lib/gcc/arm-none-eabi/10.3.1/../../../arm-none-eabi/lib/thumb/v7e-m+fp/hard/libc.a(lib_a-signalr.o)
                0x00000000080088f0                _kill_r
                0x000000000800891c                _getpid_r
 .text          0x0000000008008920       0x90 /usr/lib/gcc/arm-none-eabi/10.3.1/../../../arm-none-eabi/lib/thumb/v7e-m+fp/hard/libc.a(lib_a-stdio.o)
                0x0000000008008920                __sread
                0x0000000008008944                __seofread
                0x0000000008008948                __swrite
                0x0000000008008988                __sseek
                0x00000000080089a8                __sclose
 .text          0x00000000080089b0       0xc8 /usr/lib/gcc/arm-none-eabi/10.3.1/../../../arm-none-eabi/lib/thumb/v7e-m+fp/hard/libc.a(lib_a-wbuf.o)
                0x00000000080089b0                __swbuf_r
                0x0000000008008a60                __swbuf
 .text          0x0000000008008a78       0x88 /usr/lib/gcc/arm-none-eabi/10.3.1/../../../arm-none-eabi/lib/thumb/v7e-m+fp/hard/libc.a(lib_a-wcrtomb.o)
                0x0000000008008a78                _wcrtomb_r
                0x0000000008008ab4                wcrtomb
 .text          0x0000000008008b00       0x2c /usr/lib/gcc/arm-none-eabi/10.3.1/../../../arm-none-eabi/lib/thumb/v7e-m+fp/hard/libc.a(lib_a-writer.o)
                0x0000000008008b00                _write_r
 .text          0x0000000008008b2c       0x24 /usr/lib/gcc/arm-none-eabi/10.3.1/../../../arm-none-eabi/lib/thumb/v7e-m+fp/hard/libc.a(lib_a-closer.o)
                0x0000000008008b2c                _close_r
 .text          0x0000000008008b50       0xd4 /usr/lib/gcc/arm-none-eabi/10.3.1/../../../arm-none-eabi/lib/thumb/v7e-m+fp/hard/libc.a(lib_a-fclose.o)
                0x0000000008008bb4                _fclose_r
                0x0000000008008be8                fclose
 .text          0x0000000008008c24       0x2c /usr/lib/gcc/arm-none-eabi/10.3.1/../../../arm-none-eabi/lib/thumb/v7e-m+fp/hard/libc.a(lib_a-fstatr.o)
                0x0000000008008c24                _fstat_r
 .text          0x0000000008008c50       0x24 /usr/lib/gcc/arm-none-eabi/10.3.1/../../../arm-none-eabi/lib/thumb/v7e-m+fp/hard/libc.a(lib_a-isattyr.o)
                0x0000000008008c50                _isatty_r
 .text          0x0000000008008c74       0x2c /usr/lib/gcc/arm-none-eabi/10.3.1/../../../arm-none-eabi/lib/thumb/v7e-m+fp/hard/libc.a(lib_a-lseekr.o)
                0x0000000008008c74                _lseek_r
 .text          0x0000000008008ca0       0x2c /usr/lib/gcc/arm-none-eabi/10.3.1/../../../arm-none-eabi/lib/thumb/v7e-m+fp/hard/libc.a(lib_a-readr.o)
                0x0000000008008ca0                _read_r
 .text          0x0000000008008ccc      0x378 /usr/lib/gcc/arm-none-eabi/10.3.1/thumb/v7e-m+fp/hard/libgcc.a(_arm_addsubdf3.o)
                0x0000000008008ccc                __aeabi_drsub
                0x0000000008008cd4                __aeabi_dsub
                0x0000000008008cd4                __subdf3
                0x0000000008008cd8                __adddf3
                0x0000000008008cd8                __aeabi_dadd
                0x0000000008008f50                __aeabi_ui2d
                0x0000000008008f50                __floatunsidf
                0x0000000008008f70                __floatsidf
                0x0000000008008f70                __aeabi_i2d
                0x0000000008008f94                __extendsfdf2
                0x0000000008008f94                __aeabi_f2d
                0x0000000008008fd8                __aeabi_ul2d
                0x0000000008008fd8                __floatundidf
                0x0000000008008fe8                __floatdidf
                0x0000000008008fe8                __aeabi_l2d
 .text          0x0000000008009044      0x424 /usr/lib/gcc/arm-none-eabi/10.3.1/thumb/v7e-m+fp/hard/libgcc.a(_arm_muldivdf3.o)
                0x0000000008009044                __aeabi_dmul
                0x0000000008009044                __muldf3
                0x0000000008009298                __aeabi_ddiv
                0x0000000008009298                __divdf3
 .text          0x0000000008009468      0x110 /usr/lib/gcc/arm-none-eabi/10.3.1/thumb/v7e-m+fp/hard/libgcc.a(_arm_cmpdf2.o)
                0x0000000008009468                __gtdf2
                0x0000000008009468                __gedf2
                0x0000000008009470                __ltdf2
                0x0000000008009470                __ledf2
                0x0000000008009478                __cmpdf2
                0x0000000008009478                __eqdf2
                0x0000000008009478                __nedf2
                0x00000000080094f4                __aeabi_cdrcmple
                0x0000000008009504                __aeabi_cdcmple
                0x0000000008009504                __aeabi_cdcmpeq
                0x0000000008009514                __aeabi_dcmpeq
                0x0000000008009528                __aeabi_dcmplt
                0x000000000800953c                __aeabi_dcmple
                0x0000000008009550                __aeabi_dcmpge
                0x0000000008009564                __aeabi_dcmpgt
 .text          0x0000000008009578       0x2c /usr/lib/gcc/arm-none-eabi/10.3.1/thumb/v7e-m+fp/hard/libgcc.a(_arm_unorddf2.o)
                0x0000000008009578                __aeabi_dcmpun
                0x0000000008009578                __unorddf2
 .text          0x00000000080095a4       0x50 /usr/lib/gcc/arm-none-eabi/10.3.1/thumb/v7e-m+fp/hard/libgcc.a(_arm_fixdfsi.o)
                0x00000000080095a4                __fixdfsi
                0x00000000080095a4                __aeabi_d2iz
 .text          0x00000000080095f4      0x21c /usr/lib/gcc/arm-none-eabi/10.3.1/thumb/v7e-m+fp/hard/libgcc.a(_arm_addsubsf3.o)
                0x00000000080095f4                __aeabi_frsub
                0x00000000080095fc                __subsf3
                0x00000000080095fc                __aeabi_fsub
                0x0000000008009600                __aeabi_fadd
                0x0000000008009600                __addsf3
                0x0000000008009760                __aeabi_ui2f
                0x0000000008009760                __floatunsisf
                0x0000000008009768                __aeabi_i2f
                0x0000000008009768                __floatsisf
                0x0000000008009784                __floatundisf
                0x0000000008009784                __aeabi_ul2f
                0x0000000008009794                __floatdisf
                0x0000000008009794                __aeabi_l2f
 .text          0x0000000008009810       0x30 /usr/lib/gcc/arm-none-eabi/10.3.1/thumb/v7e-m+fp/hard/libgcc.a(_aeabi_uldivmod.o)
                0x0000000008009810                __aeabi_uldivmod
 .text          0x0000000008009840      0x2d0 /usr/lib/gcc/arm-none-eabi/10.3.1/thumb/v7e-m+fp/hard/libgcc.a(_udivmoddi4.o)
                0x0000000008009840                __udivmoddi4
 .text          0x0000000008009b10        0x4 /usr/lib/gcc/arm-none-eabi/10.3.1/thumb/v7e-m+fp/hard/libgcc.a(_dvmd_tls.o)
                0x0000000008009b10                __aeabi_ldiv0
                0x0000000008009b10                __aeabi_idiv0
 .text          0x0000000008009b14       0x10 /usr/lib/gcc/arm-none-eabi/10.3.1/../../../arm-none-eabi/lib/thumb/v7e-m+fp/hard/libnosys.a(close.o)
                0x0000000008009b14                _close
 .text          0x0000000008009b24       0x10 /usr/lib/gcc/arm-none-eabi/10.3.1/../../../arm-none-eabi/lib/thumb/v7e-m+fp/hard/libnosys.a(fstat.o)
                0x0000000008009b24                _fstat
 .text          0x0000000008009b34       0x10 /usr/lib/gcc/arm-none-eabi/10.3.1/../../../arm-none-eabi/lib/thumb/v7e-m+fp/hard/libnosys.a(getpid.o)
                0x0000000008009b34                _getpid
 .text          0x0000000008009b44       0x10 /usr/lib/gcc/arm-none-eabi/10.3.1/../../../arm-none-eabi/lib/thumb/v7e-m+fp/hard/libnosys.a(isatty.o)
                0x0000000008009b44                _isatty
 .text          0x0000000008009b54       0x10 /usr/lib/gcc/arm-none-eabi/10.3.1/../../../arm-none-eabi/lib/thumb/v7e-m+fp/hard/libnosys.a(kill.o)
                0x0000000008009b54                _kill
 .text          0x0000000008009b64       0x10 /usr/lib/gcc/arm-none-eabi/10.3.1/../../../arm-none-eabi/lib/thumb/v7e-m+fp/hard/libnosys.a(lseek.o)
                0x0000000008009b64                _lseek
 .text          0x0000000008009b74       0x10 /usr/lib/gcc/arm-none-eabi/10.3.1/../../../arm-none-eabi/lib/thumb/v7e-m+fp/hard/libnosys.a(read.o)
                0x0000000008009b74                _read
 .text          0x0000000008009b84       0x1c /usr/lib/gcc/arm-none-eabi/10.3.1/../../../arm-none-eabi/lib/thumb/v7e-m+fp/hard/libnosys.a(sbrk.o)
                0x0000000008009b84                _sbrk
 .text          0x0000000008009ba0       0x10 /usr/lib/gcc/arm-none-eabi/10.3.1/../../../arm-none-eabi/lib/thumb/v7e-m+fp/hard/libnosys.a(write.o)
                0x0000000008009ba0                _write
 .text          0x0000000008009bb0        0x4 /usr/lib/gcc/arm-none-eabi/10.3.1/../../../arm-none-eabi/lib/thumb/v7e-m+fp/hard/libnosys.a(_exit.o)
                0x0000000008009bb0                _exit
                0x0000000008009bb4                . = ALIGN (0x4)
 *(.rodata*)
 .rodata._reset_fcn.str1.1
                0x0000000008009bb4        0xe ./.obj/main.o
 .rodata.INPUT_Refresh.str1.1
                0x0000000008009bc2        0x4 ./.obj/cli_input.o
 .rodata._help_cmd.str1.1
                0x0000000008009bc6       0xb6 ./.obj/terminal.o
 .rodata._cpurb_cmd.str1.1
                0x0000000008009c7c       0x11 ./.obj/terminal.o
 .rodata._PrintResultExec.str1.1
                0x0000000008009c8d       0x77 ./.obj/terminal.o
 .rodata._PrintResultAddCmd.str1.1
                0x0000000008009d04       0x8b ./.obj/terminal.o
 .rodata.CLI_Init.str1.1
                0x0000000008009d8f      0x1e7 ./.obj/terminal.o
                                        0x20d (size before relaxing)
 .rodata._PrintTime.str1.1
                0x0000000008009f76       0x16 ./.obj/terminal.o
 .rodata._gettime_cmd.str1.1
                0x0000000008009f8c        0x9 ./.obj/terminal.o
 .rodata.CLI_EnterChar.str1.1
                0x0000000008009f95        0xa ./.obj/terminal.o
 .rodata._t2_cmd.str1.1
                0x0000000008009f9f        0xc ./.obj/my_test_commands.o
 .rodata._t1_cmd.str1.1
                0x0000000008009fab       0x24 ./.obj/my_test_commands.o
 .rodata.MyTestCmds_Init.str1.1
                0x0000000008009fcf       0x38 ./.obj/my_test_commands.o
 *fill*         0x000000000800a007        0x1 
 .rodata.str1.4
                0x000000000800a008       0x42 /usr/lib/gcc/arm-none-eabi/10.3.1/../../../arm-none-eabi/lib/thumb/v7e-m+fp/hard/libc.a(lib_a-svfprintf.o)
 *fill*         0x000000000800a04a        0x2 
 .rodata        0x000000000800a04c       0x20 /usr/lib/gcc/arm-none-eabi/10.3.1/../../../arm-none-eabi/lib/thumb/v7e-m+fp/hard/libc.a(lib_a-svfprintf.o)
 .rodata        0x000000000800a06c      0x101 /usr/lib/gcc/arm-none-eabi/10.3.1/../../../arm-none-eabi/lib/thumb/v7e-m+fp/hard/libc.a(lib_a-ctype_.o)
                0x000000000800a06c                _ctype_
 *fill*         0x000000000800a16d        0x3 
 .rodata.str1.4
                0x000000000800a170       0x56 /usr/lib/gcc/arm-none-eabi/10.3.1/../../../arm-none-eabi/lib/thumb/v7e-m+fp/hard/libc.a(lib_a-dtoa.o)
                                         0x5a (size before relaxing)
 *fill*         0x000000000800a1c6        0x2 
 .rodata        0x000000000800a1c8        0x4 /usr/lib/gcc/arm-none-eabi/10.3.1/../../../arm-none-eabi/lib/thumb/v7e-m+fp/hard/libc.a(lib_a-impure.o)
                0x000000000800a1c8                _global_impure_ptr
 .rodata.str1.4
                0x000000000800a1cc       0x33 /usr/lib/gcc/arm-none-eabi/10.3.1/../../../arm-none-eabi/lib/thumb/v7e-m+fp/hard/libc.a(lib_a-mprec.o)
                                         0x47 (size before relaxing)
 *fill*         0x000000000800a1ff        0x1 
 .rodata        0x000000000800a200      0x128 /usr/lib/gcc/arm-none-eabi/10.3.1/../../../arm-none-eabi/lib/thumb/v7e-m+fp/hard/libc.a(lib_a-mprec.o)
                0x000000000800a210                __mprec_tens
                0x000000000800a2d8                __mprec_tinytens
                0x000000000800a300                __mprec_bigtens
 .rodata.str1.4
                0x000000000800a328       0x2f /usr/lib/gcc/arm-none-eabi/10.3.1/../../../arm-none-eabi/lib/thumb/v7e-m+fp/hard/libc.a(lib_a-svfiprintf.o)
 .rodata        0x000000000800a328       0x20 /usr/lib/gcc/arm-none-eabi/10.3.1/../../../arm-none-eabi/lib/thumb/v7e-m+fp/hard/libc.a(lib_a-svfiprintf.o)
 .rodata.str1.4
                0x000000000800a348       0x3f /usr/lib/gcc/arm-none-eabi/10.3.1/../../../arm-none-eabi/lib/thumb/v7e-m+fp/hard/libc.a(lib_a-assert.o)
                                         0x43 (size before relaxing)
 *fill*         0x000000000800a387        0x1 
 .rodata.str1.4
                0x000000000800a388        0xe /usr/lib/gcc/arm-none-eabi/10.3.1/../../../arm-none-eabi/lib/thumb/v7e-m+fp/hard/libc.a(lib_a-locale.o)
                                         0x12 (size before relaxing)
 .rodata.str1.4
                0x000000000800a396       0x2f /usr/lib/gcc/arm-none-eabi/10.3.1/../../../arm-none-eabi/lib/thumb/v7e-m+fp/hard/libc.a(lib_a-vfiprintf.o)
 *fill*         0x000000000800a396        0x2 
 .rodata        0x000000000800a398       0x20 /usr/lib/gcc/arm-none-eabi/10.3.1/../../../arm-none-eabi/lib/thumb/v7e-m+fp/hard/libc.a(lib_a-vfiprintf.o)
                0x000000000800a3b8                . = ALIGN (0x4)

.glue_7         0x000000000800a3b8        0x0
 .glue_7        0x000000000800a3b8        0x0 linker stubs

.glue_7t        0x000000000800a3b8        0x0
 .glue_7t       0x000000000800a3b8        0x0 linker stubs

.vfp11_veneer   0x000000000800a3b8        0x0
 .vfp11_veneer  0x000000000800a3b8        0x0 linker stubs

.v4_bx          0x000000000800a3b8        0x0
 .v4_bx         0x000000000800a3b8        0x0 linker stubs

.iplt           0x000000000800a3b8        0x0
 .iplt          0x000000000800a3b8        0x0 ./.obj/main.o

.preinit_array  0x000000000800a3b8        0x0
                0x000000000800a3b8                . = ALIGN (0x4)
                0x000000000800a3b8                __preinit_array_start = .
 *(.preinit_array)
                0x000000000800a3b8                __preinit_array_end = .

.init_array     0x000000000800a3b8        0x0
                0x000000000800a3b8                . = ALIGN (0x4)
                0x000000000800a3b8                __init_array_start = .
 *(SORT_BY_NAME(.init_array.*))
 *(.init_array)
                0x000000000800a3b8                __init_array_end = .

.fini_array     0x000000000800a3b8        0x0
                0x000000000800a3b8                . = ALIGN (0x4)
                0x000000000800a3b8                __fini_array_start = .
 *(.fini_array)
 *(SORT_BY_NAME(.fini_array.*))
                0x000000000800a3b8                __fini_array_end = .

.ARM.extab
 *(.ARM.extab*)

.ARM.exidx      0x000000000800a3b8        0x8
                0x000000000800a3b8                __exidx_start = .
 *(.ARM.exidx*)
 .ARM.exidx     0x000000000800a3b8        0x8 /usr/lib/gcc/arm-none-eabi/10.3.1/thumb/v7e-m+fp/hard/libgcc.a(_udivmoddi4.o)
                0x000000000800a3c0                __exidx_end = .

.rel.dyn        0x000000000800a3c0        0x0
 .rel.iplt      0x000000000800a3c0        0x0 ./.obj/main.o
                0x000000000800a3c0                . = ALIGN (0x4)
                0x000000000800a3c0                _etext = .

.noinit
 *(.noinit*)
                0x000000000800a3c0                . = ALIGN (0x4)

.data           0x0000000020000000      0x9cc load address 0x000000000800a3c0
                0x0000000020000000                _data = .
 *(.data*)
 .data.arr_down
                0x0000000020000000        0x3 ./.obj/cli_input.o
                0x0000000020000000                arr_down
 .data.arr_esc  0x0000000020000003        0x3 ./.obj/cli_input.o
                0x0000000020000003                arr_esc
 .data.arr_left
                0x0000000020000006        0x3 ./.obj/cli_input.o
                0x0000000020000006                arr_left
 .data.arr_right
                0x0000000020000009        0x3 ./.obj/cli_input.o
                0x0000000020000009                arr_right
 .data.arr_up   0x000000002000000c        0x3 ./.obj/cli_input.o
                0x000000002000000c                arr_up
 .data.del      0x000000002000000f        0x3 ./.obj/cli_input.o
                0x000000002000000f                del
 .data.end      0x0000000020000012        0x3 ./.obj/cli_input.o
 .data.home     0x0000000020000015        0x3 ./.obj/cli_input.o
                0x0000000020000015                home
 .data.rcc_apb1_frequency
                0x0000000020000018        0x4 ./libopencm3/lib/libopencm3_stm32f4.a(rcc.o)
                0x0000000020000018                rcc_apb1_frequency
 .data.rcc_apb2_frequency
                0x000000002000001c        0x4 ./libopencm3/lib/libopencm3_stm32f4.a(rcc.o)
                0x000000002000001c                rcc_apb2_frequency
 .data          0x0000000020000020      0x410 /usr/lib/gcc/arm-none-eabi/10.3.1/../../../arm-none-eabi/lib/thumb/v7e-m+fp/hard/libc.a(lib_a-mallocr.o)
                0x0000000020000020                __malloc_av_
                0x0000000020000428                __malloc_sbrk_base
                0x000000002000042c                __malloc_trim_threshold
 .data          0x0000000020000430      0x430 /usr/lib/gcc/arm-none-eabi/10.3.1/../../../arm-none-eabi/lib/thumb/v7e-m+fp/hard/libc.a(lib_a-impure.o)
                0x0000000020000430                _impure_ptr
 .data          0x0000000020000860      0x16c /usr/lib/gcc/arm-none-eabi/10.3.1/../../../arm-none-eabi/lib/thumb/v7e-m+fp/hard/libc.a(lib_a-locale.o)
                0x0000000020000860                __global_locale
 *(.ramtext*)
                0x00000000200009cc                . = ALIGN (0x4)
                0x00000000200009cc                _edata = .
                0x000000000800a3c0                _data_loadaddr = LOADADDR (.data)

.igot.plt       0x00000000200009cc        0x0 load address 0x000000000800ad8c
 .igot.plt      0x00000000200009cc        0x0 ./.obj/main.o

.bss            0x00000000200009d0      0x594 load address 0x000000000800ad8c
 *(.bss*)
 .bss.dbgbuffer
                0x00000000200009d0      0x100 ./.obj/main.o
                0x00000000200009d0                dbgbuffer
 .bss.micros    0x0000000020000ad0        0x8 ./.obj/Time.o
                0x0000000020000ad0                micros
 .bss.Input     0x0000000020000ad8       0x9c ./.obj/cli_input.o
                0x0000000020000ad8                Input
 .bss.TermLog   0x0000000020000b74      0x25a ./.obj/cli_log.o
                0x0000000020000b74                TermLog
 *fill*         0x0000000020000dce        0x2 
 .bss._def_time_ms
                0x0000000020000dd0        0x4 ./.obj/cli_time.o
                0x0000000020000dd0                _def_time_ms
 .bss.Terminal  0x0000000020000dd4      0x150 ./.obj/terminal.o
                0x0000000020000dd4                Terminal
 .bss._interrupt_operation
                0x0000000020000f24        0x1 ./.obj/terminal.o
 .bss.rstUnlock.0
                0x0000000020000f25        0x1 ./.obj/terminal.o
 *fill*         0x0000000020000f26        0x2 
 .bss           0x0000000020000f28       0x34 /usr/lib/gcc/arm-none-eabi/10.3.1/../../../arm-none-eabi/lib/thumb/v7e-m+fp/hard/libc.a(lib_a-mallocr.o)
                0x0000000020000f28                __malloc_top_pad
                0x0000000020000f2c                __malloc_current_mallinfo
                0x0000000020000f54                __malloc_max_sbrked_mem
                0x0000000020000f58                __malloc_max_total_mem
 .bss           0x0000000020000f5c        0x4 /usr/lib/gcc/arm-none-eabi/10.3.1/../../../arm-none-eabi/lib/thumb/v7e-m+fp/hard/libc.a(lib_a-reent.o)
                0x0000000020000f5c                errno
 .bss           0x0000000020000f60        0x4 /usr/lib/gcc/arm-none-eabi/10.3.1/../../../arm-none-eabi/lib/thumb/v7e-m+fp/hard/libnosys.a(sbrk.o)
 *(COMMON)
                0x0000000020000f64                . = ALIGN (0x4)
                0x0000000020000f64                _ebss = .

/DISCARD/
 *(.eh_frame)
                0x0000000020000f64                . = ALIGN (0x4)
                0x0000000020000f64                end = .
                0x0000000020010000                PROVIDE (_stack = (ORIGIN (ram) + LENGTH (ram)))
OUTPUT(BlackPill_terminal.elf elf32-littlearm)
LOAD linker stubs

.debug_info     0x0000000000000000    0x2cae8
 .debug_info    0x0000000000000000      0xb2c ./.obj/main.o
 .debug_info    0x0000000000000b2c      0x978 ./.obj/Time.o
 .debug_info    0x00000000000014a4      0x417 ./.obj/cli_queue.o
 .debug_info    0x00000000000018bb      0x5a8 ./.obj/cli_string.o
 .debug_info    0x0000000000001e63      0xc35 ./.obj/cli_input.o
 .debug_info    0x0000000000002a98      0x222 ./.obj/cli_log.o
 .debug_info    0x0000000000002cba      0x2f8 ./.obj/cli_time.o
 .debug_info    0x0000000000002fb2     0x1927 ./.obj/terminal.o
 .debug_info    0x00000000000048d9      0x2ed ./.obj/my_test_commands.o
 .debug_info    0x0000000000004bc6      0x20f ./libopencm3/lib/libopencm3_stm32f4.a(gpio_common_f0234.o)
 .debug_info    0x0000000000004dd5      0x950 ./libopencm3/lib/libopencm3_stm32f4.a(rcc_common_all.o)
 .debug_info    0x0000000000005725     0x1027 ./libopencm3/lib/libopencm3_stm32f4.a(rcc.o)
 .debug_info    0x000000000000674c     0x115b ./libopencm3/lib/libopencm3_stm32f4.a(timer_common_all.o)
 .debug_info    0x00000000000078a7      0x68e ./libopencm3/lib/libopencm3_stm32f4.a(usart_common_all.o)
 .debug_info    0x0000000000007f35      0x186 ./libopencm3/lib/libopencm3_stm32f4.a(usart_common_f124.o)
 .debug_info    0x00000000000080bb      0x2e6 ./libopencm3/lib/libopencm3_stm32f4.a(vector.o)
 .debug_info    0x00000000000083a1       0xd2 ./libopencm3/lib/libopencm3_stm32f4.a(scb.o)
 .debug_info    0x0000000000008473      0x22d ./libopencm3/lib/libopencm3_stm32f4.a(nvic.o)
 .debug_info    0x00000000000086a0      0x998 /usr/lib/gcc/arm-none-eabi/10.3.1/../../../arm-none-eabi/lib/thumb/v7e-m+fp/hard/libc.a(lib_a-malloc.o)
 .debug_info    0x0000000000009038      0xe95 /usr/lib/gcc/arm-none-eabi/10.3.1/../../../arm-none-eabi/lib/thumb/v7e-m+fp/hard/libc.a(lib_a-mallocr.o)
 .debug_info    0x0000000000009ecd      0x138 /usr/lib/gcc/arm-none-eabi/10.3.1/../../../arm-none-eabi/lib/thumb/v7e-m+fp/hard/libc.a(lib_a-memcmp.o)
 .debug_info    0x000000000000a005       0x26 /usr/lib/gcc/arm-none-eabi/10.3.1/../../../arm-none-eabi/lib/thumb/v7e-m+fp/hard/libc.a(lib_a-memcpy.o)
 .debug_info    0x000000000000a02b      0x942 /usr/lib/gcc/arm-none-eabi/10.3.1/../../../arm-none-eabi/lib/thumb/v7e-m+fp/hard/libc.a(lib_a-mlock.o)
 .debug_info    0x000000000000a96d      0x98e /usr/lib/gcc/arm-none-eabi/10.3.1/../../../arm-none-eabi/lib/thumb/v7e-m+fp/hard/libc.a(lib_a-sbrkr.o)
 .debug_info    0x000000000000b2fb      0xa8c /usr/lib/gcc/arm-none-eabi/10.3.1/../../../arm-none-eabi/lib/thumb/v7e-m+fp/hard/libc.a(lib_a-sprintf.o)
 .debug_info    0x000000000000bd87       0xc4 /usr/lib/gcc/arm-none-eabi/10.3.1/../../../arm-none-eabi/lib/thumb/v7e-m+fp/hard/libc.a(lib_a-strcpy.o)
 .debug_info    0x000000000000be4b     0x1066 /usr/lib/gcc/arm-none-eabi/10.3.1/../../../arm-none-eabi/lib/thumb/v7e-m+fp/hard/libc.a(lib_a-strtol.o)
 .debug_info    0x000000000000ceb1     0x1929 /usr/lib/gcc/arm-none-eabi/10.3.1/../../../arm-none-eabi/lib/thumb/v7e-m+fp/hard/libc.a(lib_a-svfprintf.o)
 .debug_info    0x000000000000e7da       0xb8 /usr/lib/gcc/arm-none-eabi/10.3.1/../../../arm-none-eabi/lib/thumb/v7e-m+fp/hard/libc.a(lib_a-ctype_.o)
 .debug_info    0x000000000000e892     0x1a53 /usr/lib/gcc/arm-none-eabi/10.3.1/../../../arm-none-eabi/lib/thumb/v7e-m+fp/hard/libc.a(lib_a-dtoa.o)
 .debug_info    0x00000000000102e5      0x914 /usr/lib/gcc/arm-none-eabi/10.3.1/../../../arm-none-eabi/lib/thumb/v7e-m+fp/hard/libc.a(lib_a-errno.o)
 .debug_info    0x0000000000010bf9      0xd10 /usr/lib/gcc/arm-none-eabi/10.3.1/../../../arm-none-eabi/lib/thumb/v7e-m+fp/hard/libc.a(lib_a-freer.o)
 .debug_info    0x0000000000011909      0x92a /usr/lib/gcc/arm-none-eabi/10.3.1/../../../arm-none-eabi/lib/thumb/v7e-m+fp/hard/libc.a(lib_a-impure.o)
 .debug_info    0x0000000000012233      0xc3e /usr/lib/gcc/arm-none-eabi/10.3.1/../../../arm-none-eabi/lib/thumb/v7e-m+fp/hard/libc.a(lib_a-localeconv.o)
 .debug_info    0x0000000000012e71       0x26 /usr/lib/gcc/arm-none-eabi/10.3.1/../../../arm-none-eabi/lib/thumb/v7e-m+fp/hard/libc.a(lib_a-memchr.o)
 .debug_info    0x0000000000012e97     0x20d2 /usr/lib/gcc/arm-none-eabi/10.3.1/../../../arm-none-eabi/lib/thumb/v7e-m+fp/hard/libc.a(lib_a-mprec.o)
 .debug_info    0x0000000000014f69      0xbda /usr/lib/gcc/arm-none-eabi/10.3.1/../../../arm-none-eabi/lib/thumb/v7e-m+fp/hard/libc.a(lib_a-reent.o)
 .debug_info    0x0000000000015b43       0x26 /usr/lib/gcc/arm-none-eabi/10.3.1/../../../arm-none-eabi/lib/thumb/v7e-m+fp/hard/libc.a(lib_a-strlen.o)
 .debug_info    0x0000000000015b69     0x1367 /usr/lib/gcc/arm-none-eabi/10.3.1/../../../arm-none-eabi/lib/thumb/v7e-m+fp/hard/libc.a(lib_a-svfiprintf.o)
 .debug_info    0x0000000000016ed0      0xa23 /usr/lib/gcc/arm-none-eabi/10.3.1/../../../arm-none-eabi/lib/thumb/v7e-m+fp/hard/libc.a(lib_a-assert.o)
 .debug_info    0x00000000000178f3      0xa81 /usr/lib/gcc/arm-none-eabi/10.3.1/../../../arm-none-eabi/lib/thumb/v7e-m+fp/hard/libc.a(lib_a-callocr.o)
 .debug_info    0x0000000000018374      0xa5f /usr/lib/gcc/arm-none-eabi/10.3.1/../../../arm-none-eabi/lib/thumb/v7e-m+fp/hard/libc.a(lib_a-fiprintf.o)
 .debug_info    0x0000000000018dd3      0xe0a /usr/lib/gcc/arm-none-eabi/10.3.1/../../../arm-none-eabi/lib/thumb/v7e-m+fp/hard/libc.a(lib_a-locale.o)
 .debug_info    0x0000000000019bdd      0xccd /usr/lib/gcc/arm-none-eabi/10.3.1/../../../arm-none-eabi/lib/thumb/v7e-m+fp/hard/libc.a(lib_a-mbtowc_r.o)
 .debug_info    0x000000000001a8aa      0x152 /usr/lib/gcc/arm-none-eabi/10.3.1/../../../arm-none-eabi/lib/thumb/v7e-m+fp/hard/libc.a(lib_a-memmove.o)
 .debug_info    0x000000000001a9fc      0x137 /usr/lib/gcc/arm-none-eabi/10.3.1/../../../arm-none-eabi/lib/thumb/v7e-m+fp/hard/libc.a(lib_a-memset.o)
 .debug_info    0x000000000001ab33      0xdb4 /usr/lib/gcc/arm-none-eabi/10.3.1/../../../arm-none-eabi/lib/thumb/v7e-m+fp/hard/libc.a(lib_a-reallocr.o)
 .debug_info    0x000000000001b8e7       0x26 /usr/lib/gcc/arm-none-eabi/10.3.1/../../../arm-none-eabi/lib/thumb/v7e-m+fp/hard/libc.a(lib_a-strcmp.o)
 .debug_info    0x000000000001b90d     0x1926 /usr/lib/gcc/arm-none-eabi/10.3.1/../../../arm-none-eabi/lib/thumb/v7e-m+fp/hard/libc.a(lib_a-vfiprintf.o)
 .debug_info    0x000000000001d233      0xc86 /usr/lib/gcc/arm-none-eabi/10.3.1/../../../arm-none-eabi/lib/thumb/v7e-m+fp/hard/libc.a(lib_a-wctomb_r.o)
 .debug_info    0x000000000001deb9      0x9c2 /usr/lib/gcc/arm-none-eabi/10.3.1/../../../arm-none-eabi/lib/thumb/v7e-m+fp/hard/libc.a(lib_a-wsetup.o)
 .debug_info    0x000000000001e87b       0xcb /usr/lib/gcc/arm-none-eabi/10.3.1/../../../arm-none-eabi/lib/thumb/v7e-m+fp/hard/libc.a(lib_a-abort.o)
 .debug_info    0x000000000001e946      0xbe3 /usr/lib/gcc/arm-none-eabi/10.3.1/../../../arm-none-eabi/lib/thumb/v7e-m+fp/hard/libc.a(lib_a-fflush.o)
 .debug_info    0x000000000001f529      0xf66 /usr/lib/gcc/arm-none-eabi/10.3.1/../../../arm-none-eabi/lib/thumb/v7e-m+fp/hard/libc.a(lib_a-findfp.o)
 .debug_info    0x000000000002048f      0xc12 /usr/lib/gcc/arm-none-eabi/10.3.1/../../../arm-none-eabi/lib/thumb/v7e-m+fp/hard/libc.a(lib_a-fputwc.o)
 .debug_info    0x00000000000210a1      0xcc4 /usr/lib/gcc/arm-none-eabi/10.3.1/../../../arm-none-eabi/lib/thumb/v7e-m+fp/hard/libc.a(lib_a-fvwrite.o)
 .debug_info    0x0000000000021d65      0xa66 /usr/lib/gcc/arm-none-eabi/10.3.1/../../../arm-none-eabi/lib/thumb/v7e-m+fp/hard/libc.a(lib_a-fwalk.o)
 .debug_info    0x00000000000227cb      0xdf2 /usr/lib/gcc/arm-none-eabi/10.3.1/../../../arm-none-eabi/lib/thumb/v7e-m+fp/hard/libc.a(lib_a-makebuf.o)
 .debug_info    0x00000000000235bd      0xf32 /usr/lib/gcc/arm-none-eabi/10.3.1/../../../arm-none-eabi/lib/thumb/v7e-m+fp/hard/libc.a(lib_a-signal.o)
 .debug_info    0x00000000000244ef      0x9d7 /usr/lib/gcc/arm-none-eabi/10.3.1/../../../arm-none-eabi/lib/thumb/v7e-m+fp/hard/libc.a(lib_a-signalr.o)
 .debug_info    0x0000000000024ec6      0xc22 /usr/lib/gcc/arm-none-eabi/10.3.1/../../../arm-none-eabi/lib/thumb/v7e-m+fp/hard/libc.a(lib_a-stdio.o)
 .debug_info    0x0000000000025ae8      0xa5f /usr/lib/gcc/arm-none-eabi/10.3.1/../../../arm-none-eabi/lib/thumb/v7e-m+fp/hard/libc.a(lib_a-wbuf.o)
 .debug_info    0x0000000000026547      0xd4f /usr/lib/gcc/arm-none-eabi/10.3.1/../../../arm-none-eabi/lib/thumb/v7e-m+fp/hard/libc.a(lib_a-wcrtomb.o)
 .debug_info    0x0000000000027296      0x9c0 /usr/lib/gcc/arm-none-eabi/10.3.1/../../../arm-none-eabi/lib/thumb/v7e-m+fp/hard/libc.a(lib_a-writer.o)
 .debug_info    0x0000000000027c56      0x96b /usr/lib/gcc/arm-none-eabi/10.3.1/../../../arm-none-eabi/lib/thumb/v7e-m+fp/hard/libc.a(lib_a-closer.o)
 .debug_info    0x00000000000285c1      0xb4a /usr/lib/gcc/arm-none-eabi/10.3.1/../../../arm-none-eabi/lib/thumb/v7e-m+fp/hard/libc.a(lib_a-fclose.o)
 .debug_info    0x000000000002910b      0xb83 /usr/lib/gcc/arm-none-eabi/10.3.1/../../../arm-none-eabi/lib/thumb/v7e-m+fp/hard/libc.a(lib_a-fstatr.o)
 .debug_info    0x0000000000029c8e      0x96b /usr/lib/gcc/arm-none-eabi/10.3.1/../../../arm-none-eabi/lib/thumb/v7e-m+fp/hard/libc.a(lib_a-isattyr.o)
 .debug_info    0x000000000002a5f9      0x9a1 /usr/lib/gcc/arm-none-eabi/10.3.1/../../../arm-none-eabi/lib/thumb/v7e-m+fp/hard/libc.a(lib_a-lseekr.o)
 .debug_info    0x000000000002af9a      0x9b9 /usr/lib/gcc/arm-none-eabi/10.3.1/../../../arm-none-eabi/lib/thumb/v7e-m+fp/hard/libc.a(lib_a-readr.o)
 .debug_info    0x000000000002b953       0x26 /usr/lib/gcc/arm-none-eabi/10.3.1/thumb/v7e-m+fp/hard/libgcc.a(_arm_addsubdf3.o)
 .debug_info    0x000000000002b979       0x26 /usr/lib/gcc/arm-none-eabi/10.3.1/thumb/v7e-m+fp/hard/libgcc.a(_arm_muldivdf3.o)
 .debug_info    0x000000000002b99f       0x26 /usr/lib/gcc/arm-none-eabi/10.3.1/thumb/v7e-m+fp/hard/libgcc.a(_arm_cmpdf2.o)
 .debug_info    0x000000000002b9c5       0x26 /usr/lib/gcc/arm-none-eabi/10.3.1/thumb/v7e-m+fp/hard/libgcc.a(_arm_unorddf2.o)
 .debug_info    0x000000000002b9eb       0x26 /usr/lib/gcc/arm-none-eabi/10.3.1/thumb/v7e-m+fp/hard/libgcc.a(_arm_fixdfsi.o)
 .debug_info    0x000000000002ba11       0x26 /usr/lib/gcc/arm-none-eabi/10.3.1/thumb/v7e-m+fp/hard/libgcc.a(_arm_addsubsf3.o)
 .debug_info    0x000000000002ba37       0x26 /usr/lib/gcc/arm-none-eabi/10.3.1/thumb/v7e-m+fp/hard/libgcc.a(_aeabi_uldivmod.o)
 .debug_info    0x000000000002ba5d      0x717 /usr/lib/gcc/arm-none-eabi/10.3.1/thumb/v7e-m+fp/hard/libgcc.a(_udivmoddi4.o)
 .debug_info    0x000000000002c174       0x26 /usr/lib/gcc/arm-none-eabi/10.3.1/thumb/v7e-m+fp/hard/libgcc.a(_dvmd_tls.o)
 .debug_info    0x000000000002c19a       0xb1 /usr/lib/gcc/arm-none-eabi/10.3.1/../../../arm-none-eabi/lib/thumb/v7e-m+fp/hard/libnosys.a(close.o)
 .debug_info    0x000000000002c24b      0x2cc /usr/lib/gcc/arm-none-eabi/10.3.1/../../../arm-none-eabi/lib/thumb/v7e-m+fp/hard/libnosys.a(fstat.o)
 .debug_info    0x000000000002c517       0x9c /usr/lib/gcc/arm-none-eabi/10.3.1/../../../arm-none-eabi/lib/thumb/v7e-m+fp/hard/libnosys.a(getpid.o)
 .debug_info    0x000000000002c5b3       0xb1 /usr/lib/gcc/arm-none-eabi/10.3.1/../../../arm-none-eabi/lib/thumb/v7e-m+fp/hard/libnosys.a(isatty.o)
 .debug_info    0x000000000002c664       0xbf /usr/lib/gcc/arm-none-eabi/10.3.1/../../../arm-none-eabi/lib/thumb/v7e-m+fp/hard/libnosys.a(kill.o)
 .debug_info    0x000000000002c723       0xd3 /usr/lib/gcc/arm-none-eabi/10.3.1/../../../arm-none-eabi/lib/thumb/v7e-m+fp/hard/libnosys.a(lseek.o)
 .debug_info    0x000000000002c7f6       0xd9 /usr/lib/gcc/arm-none-eabi/10.3.1/../../../arm-none-eabi/lib/thumb/v7e-m+fp/hard/libnosys.a(read.o)
 .debug_info    0x000000000002c8cf       0x9d /usr/lib/gcc/arm-none-eabi/10.3.1/../../../arm-none-eabi/lib/thumb/v7e-m+fp/hard/libnosys.a(sbrk.o)
 .debug_info    0x000000000002c96c       0xd9 /usr/lib/gcc/arm-none-eabi/10.3.1/../../../arm-none-eabi/lib/thumb/v7e-m+fp/hard/libnosys.a(write.o)
 .debug_info    0x000000000002ca45       0xa3 /usr/lib/gcc/arm-none-eabi/10.3.1/../../../arm-none-eabi/lib/thumb/v7e-m+fp/hard/libnosys.a(_exit.o)

.debug_abbrev   0x0000000000000000     0x9684
 .debug_abbrev  0x0000000000000000      0x1e8 ./.obj/main.o
 .debug_abbrev  0x00000000000001e8      0x10f ./.obj/Time.o
 .debug_abbrev  0x00000000000002f7      0x151 ./.obj/cli_queue.o
 .debug_abbrev  0x0000000000000448      0x172 ./.obj/cli_string.o
 .debug_abbrev  0x00000000000005ba      0x36c ./.obj/cli_input.o
 .debug_abbrev  0x0000000000000926      0x1c0 ./.obj/cli_log.o
 .debug_abbrev  0x0000000000000ae6      0x14c ./.obj/cli_time.o
 .debug_abbrev  0x0000000000000c32      0x49a ./.obj/terminal.o
 .debug_abbrev  0x00000000000010cc      0x136 ./.obj/my_test_commands.o
 .debug_abbrev  0x0000000000001202       0xbf ./libopencm3/lib/libopencm3_stm32f4.a(gpio_common_f0234.o)
 .debug_abbrev  0x00000000000012c1      0x177 ./libopencm3/lib/libopencm3_stm32f4.a(rcc_common_all.o)
 .debug_abbrev  0x0000000000001438      0x2ba ./libopencm3/lib/libopencm3_stm32f4.a(rcc.o)
 .debug_abbrev  0x00000000000016f2      0x1a1 ./libopencm3/lib/libopencm3_stm32f4.a(timer_common_all.o)
 .debug_abbrev  0x0000000000001893      0x16d ./libopencm3/lib/libopencm3_stm32f4.a(usart_common_all.o)
 .debug_abbrev  0x0000000000001a00       0xb5 ./libopencm3/lib/libopencm3_stm32f4.a(usart_common_f124.o)
 .debug_abbrev  0x0000000000001ab5      0x15b ./libopencm3/lib/libopencm3_stm32f4.a(vector.o)
 .debug_abbrev  0x0000000000001c10       0x89 ./libopencm3/lib/libopencm3_stm32f4.a(scb.o)
 .debug_abbrev  0x0000000000001c99       0xb5 ./libopencm3/lib/libopencm3_stm32f4.a(nvic.o)
 .debug_abbrev  0x0000000000001d4e      0x21d /usr/lib/gcc/arm-none-eabi/10.3.1/../../../arm-none-eabi/lib/thumb/v7e-m+fp/hard/libc.a(lib_a-malloc.o)
 .debug_abbrev  0x0000000000001f6b      0x2f6 /usr/lib/gcc/arm-none-eabi/10.3.1/../../../arm-none-eabi/lib/thumb/v7e-m+fp/hard/libc.a(lib_a-mallocr.o)
 .debug_abbrev  0x0000000000002261       0x8d /usr/lib/gcc/arm-none-eabi/10.3.1/../../../arm-none-eabi/lib/thumb/v7e-m+fp/hard/libc.a(lib_a-memcmp.o)
 .debug_abbrev  0x00000000000022ee       0x14 /usr/lib/gcc/arm-none-eabi/10.3.1/../../../arm-none-eabi/lib/thumb/v7e-m+fp/hard/libc.a(lib_a-memcpy.o)
 .debug_abbrev  0x0000000000002302      0x1f0 /usr/lib/gcc/arm-none-eabi/10.3.1/../../../arm-none-eabi/lib/thumb/v7e-m+fp/hard/libc.a(lib_a-mlock.o)
 .debug_abbrev  0x00000000000024f2      0x23d /usr/lib/gcc/arm-none-eabi/10.3.1/../../../arm-none-eabi/lib/thumb/v7e-m+fp/hard/libc.a(lib_a-sbrkr.o)
 .debug_abbrev  0x000000000000272f      0x27a /usr/lib/gcc/arm-none-eabi/10.3.1/../../../arm-none-eabi/lib/thumb/v7e-m+fp/hard/libc.a(lib_a-sprintf.o)
 .debug_abbrev  0x00000000000029a9       0x7b /usr/lib/gcc/arm-none-eabi/10.3.1/../../../arm-none-eabi/lib/thumb/v7e-m+fp/hard/libc.a(lib_a-strcpy.o)
 .debug_abbrev  0x0000000000002a24      0x314 /usr/lib/gcc/arm-none-eabi/10.3.1/../../../arm-none-eabi/lib/thumb/v7e-m+fp/hard/libc.a(lib_a-strtol.o)
 .debug_abbrev  0x0000000000002d38      0x3db /usr/lib/gcc/arm-none-eabi/10.3.1/../../../arm-none-eabi/lib/thumb/v7e-m+fp/hard/libc.a(lib_a-svfprintf.o)
 .debug_abbrev  0x0000000000003113       0x62 /usr/lib/gcc/arm-none-eabi/10.3.1/../../../arm-none-eabi/lib/thumb/v7e-m+fp/hard/libc.a(lib_a-ctype_.o)
 .debug_abbrev  0x0000000000003175      0x323 /usr/lib/gcc/arm-none-eabi/10.3.1/../../../arm-none-eabi/lib/thumb/v7e-m+fp/hard/libc.a(lib_a-dtoa.o)
 .debug_abbrev  0x0000000000003498      0x1be /usr/lib/gcc/arm-none-eabi/10.3.1/../../../arm-none-eabi/lib/thumb/v7e-m+fp/hard/libc.a(lib_a-errno.o)
 .debug_abbrev  0x0000000000003656      0x2b1 /usr/lib/gcc/arm-none-eabi/10.3.1/../../../arm-none-eabi/lib/thumb/v7e-m+fp/hard/libc.a(lib_a-freer.o)
 .debug_abbrev  0x0000000000003907      0x1b8 /usr/lib/gcc/arm-none-eabi/10.3.1/../../../arm-none-eabi/lib/thumb/v7e-m+fp/hard/libc.a(lib_a-impure.o)
 .debug_abbrev  0x0000000000003abf      0x26a /usr/lib/gcc/arm-none-eabi/10.3.1/../../../arm-none-eabi/lib/thumb/v7e-m+fp/hard/libc.a(lib_a-localeconv.o)
 .debug_abbrev  0x0000000000003d29       0x14 /usr/lib/gcc/arm-none-eabi/10.3.1/../../../arm-none-eabi/lib/thumb/v7e-m+fp/hard/libc.a(lib_a-memchr.o)
 .debug_abbrev  0x0000000000003d3d      0x4ae /usr/lib/gcc/arm-none-eabi/10.3.1/../../../arm-none-eabi/lib/thumb/v7e-m+fp/hard/libc.a(lib_a-mprec.o)
 .debug_abbrev  0x00000000000041eb      0x2f4 /usr/lib/gcc/arm-none-eabi/10.3.1/../../../arm-none-eabi/lib/thumb/v7e-m+fp/hard/libc.a(lib_a-reent.o)
 .debug_abbrev  0x00000000000044df       0x14 /usr/lib/gcc/arm-none-eabi/10.3.1/../../../arm-none-eabi/lib/thumb/v7e-m+fp/hard/libc.a(lib_a-strlen.o)
 .debug_abbrev  0x00000000000044f3      0x2fa /usr/lib/gcc/arm-none-eabi/10.3.1/../../../arm-none-eabi/lib/thumb/v7e-m+fp/hard/libc.a(lib_a-svfiprintf.o)
 .debug_abbrev  0x00000000000047ed      0x22a /usr/lib/gcc/arm-none-eabi/10.3.1/../../../arm-none-eabi/lib/thumb/v7e-m+fp/hard/libc.a(lib_a-assert.o)
 .debug_abbrev  0x0000000000004a17      0x241 /usr/lib/gcc/arm-none-eabi/10.3.1/../../../arm-none-eabi/lib/thumb/v7e-m+fp/hard/libc.a(lib_a-callocr.o)
 .debug_abbrev  0x0000000000004c58      0x255 /usr/lib/gcc/arm-none-eabi/10.3.1/../../../arm-none-eabi/lib/thumb/v7e-m+fp/hard/libc.a(lib_a-fiprintf.o)
 .debug_abbrev  0x0000000000004ead      0x2f5 /usr/lib/gcc/arm-none-eabi/10.3.1/../../../arm-none-eabi/lib/thumb/v7e-m+fp/hard/libc.a(lib_a-locale.o)
 .debug_abbrev  0x00000000000051a2      0x247 /usr/lib/gcc/arm-none-eabi/10.3.1/../../../arm-none-eabi/lib/thumb/v7e-m+fp/hard/libc.a(lib_a-mbtowc_r.o)
 .debug_abbrev  0x00000000000053e9       0xc0 /usr/lib/gcc/arm-none-eabi/10.3.1/../../../arm-none-eabi/lib/thumb/v7e-m+fp/hard/libc.a(lib_a-memmove.o)
 .debug_abbrev  0x00000000000054a9       0xb4 /usr/lib/gcc/arm-none-eabi/10.3.1/../../../arm-none-eabi/lib/thumb/v7e-m+fp/hard/libc.a(lib_a-memset.o)
 .debug_abbrev  0x000000000000555d      0x275 /usr/lib/gcc/arm-none-eabi/10.3.1/../../../arm-none-eabi/lib/thumb/v7e-m+fp/hard/libc.a(lib_a-reallocr.o)
 .debug_abbrev  0x00000000000057d2       0x14 /usr/lib/gcc/arm-none-eabi/10.3.1/../../../arm-none-eabi/lib/thumb/v7e-m+fp/hard/libc.a(lib_a-strcmp.o)
 .debug_abbrev  0x00000000000057e6      0x430 /usr/lib/gcc/arm-none-eabi/10.3.1/../../../arm-none-eabi/lib/thumb/v7e-m+fp/hard/libc.a(lib_a-vfiprintf.o)
 .debug_abbrev  0x0000000000005c16      0x251 /usr/lib/gcc/arm-none-eabi/10.3.1/../../../arm-none-eabi/lib/thumb/v7e-m+fp/hard/libc.a(lib_a-wctomb_r.o)
 .debug_abbrev  0x0000000000005e67      0x246 /usr/lib/gcc/arm-none-eabi/10.3.1/../../../arm-none-eabi/lib/thumb/v7e-m+fp/hard/libc.a(lib_a-wsetup.o)
 .debug_abbrev  0x00000000000060ad       0x80 /usr/lib/gcc/arm-none-eabi/10.3.1/../../../arm-none-eabi/lib/thumb/v7e-m+fp/hard/libc.a(lib_a-abort.o)
 .debug_abbrev  0x000000000000612d      0x336 /usr/lib/gcc/arm-none-eabi/10.3.1/../../../arm-none-eabi/lib/thumb/v7e-m+fp/hard/libc.a(lib_a-fflush.o)
 .debug_abbrev  0x0000000000006463      0x41a /usr/lib/gcc/arm-none-eabi/10.3.1/../../../arm-none-eabi/lib/thumb/v7e-m+fp/hard/libc.a(lib_a-findfp.o)
 .debug_abbrev  0x000000000000687d      0x34f /usr/lib/gcc/arm-none-eabi/10.3.1/../../../arm-none-eabi/lib/thumb/v7e-m+fp/hard/libc.a(lib_a-fputwc.o)
 .debug_abbrev  0x0000000000006bcc      0x25e /usr/lib/gcc/arm-none-eabi/10.3.1/../../../arm-none-eabi/lib/thumb/v7e-m+fp/hard/libc.a(lib_a-fvwrite.o)
 .debug_abbrev  0x0000000000006e2a      0x1fe /usr/lib/gcc/arm-none-eabi/10.3.1/../../../arm-none-eabi/lib/thumb/v7e-m+fp/hard/libc.a(lib_a-fwalk.o)
 .debug_abbrev  0x0000000000007028      0x2df /usr/lib/gcc/arm-none-eabi/10.3.1/../../../arm-none-eabi/lib/thumb/v7e-m+fp/hard/libc.a(lib_a-makebuf.o)
 .debug_abbrev  0x0000000000007307      0x321 /usr/lib/gcc/arm-none-eabi/10.3.1/../../../arm-none-eabi/lib/thumb/v7e-m+fp/hard/libc.a(lib_a-signal.o)
 .debug_abbrev  0x0000000000007628      0x242 /usr/lib/gcc/arm-none-eabi/10.3.1/../../../arm-none-eabi/lib/thumb/v7e-m+fp/hard/libc.a(lib_a-signalr.o)
 .debug_abbrev  0x000000000000786a      0x262 /usr/lib/gcc/arm-none-eabi/10.3.1/../../../arm-none-eabi/lib/thumb/v7e-m+fp/hard/libc.a(lib_a-stdio.o)
 .debug_abbrev  0x0000000000007acc      0x286 /usr/lib/gcc/arm-none-eabi/10.3.1/../../../arm-none-eabi/lib/thumb/v7e-m+fp/hard/libc.a(lib_a-wbuf.o)
 .debug_abbrev  0x0000000000007d52      0x254 /usr/lib/gcc/arm-none-eabi/10.3.1/../../../arm-none-eabi/lib/thumb/v7e-m+fp/hard/libc.a(lib_a-wcrtomb.o)
 .debug_abbrev  0x0000000000007fa6      0x217 /usr/lib/gcc/arm-none-eabi/10.3.1/../../../arm-none-eabi/lib/thumb/v7e-m+fp/hard/libc.a(lib_a-writer.o)
 .debug_abbrev  0x00000000000081bd      0x212 /usr/lib/gcc/arm-none-eabi/10.3.1/../../../arm-none-eabi/lib/thumb/v7e-m+fp/hard/libc.a(lib_a-closer.o)
 .debug_abbrev  0x00000000000083cf      0x2f1 /usr/lib/gcc/arm-none-eabi/10.3.1/../../../arm-none-eabi/lib/thumb/v7e-m+fp/hard/libc.a(lib_a-fclose.o)
 .debug_abbrev  0x00000000000086c0      0x226 /usr/lib/gcc/arm-none-eabi/10.3.1/../../../arm-none-eabi/lib/thumb/v7e-m+fp/hard/libc.a(lib_a-fstatr.o)
 .debug_abbrev  0x00000000000088e6      0x212 /usr/lib/gcc/arm-none-eabi/10.3.1/../../../arm-none-eabi/lib/thumb/v7e-m+fp/hard/libc.a(lib_a-isattyr.o)
 .debug_abbrev  0x0000000000008af8      0x226 /usr/lib/gcc/arm-none-eabi/10.3.1/../../../arm-none-eabi/lib/thumb/v7e-m+fp/hard/libc.a(lib_a-lseekr.o)
 .debug_abbrev  0x0000000000008d1e      0x212 /usr/lib/gcc/arm-none-eabi/10.3.1/../../../arm-none-eabi/lib/thumb/v7e-m+fp/hard/libc.a(lib_a-readr.o)
 .debug_abbrev  0x0000000000008f30       0x14 /usr/lib/gcc/arm-none-eabi/10.3.1/thumb/v7e-m+fp/hard/libgcc.a(_arm_addsubdf3.o)
 .debug_abbrev  0x0000000000008f44       0x14 /usr/lib/gcc/arm-none-eabi/10.3.1/thumb/v7e-m+fp/hard/libgcc.a(_arm_muldivdf3.o)
 .debug_abbrev  0x0000000000008f58       0x14 /usr/lib/gcc/arm-none-eabi/10.3.1/thumb/v7e-m+fp/hard/libgcc.a(_arm_cmpdf2.o)
 .debug_abbrev  0x0000000000008f6c       0x14 /usr/lib/gcc/arm-none-eabi/10.3.1/thumb/v7e-m+fp/hard/libgcc.a(_arm_unorddf2.o)
 .debug_abbrev  0x0000000000008f80       0x14 /usr/lib/gcc/arm-none-eabi/10.3.1/thumb/v7e-m+fp/hard/libgcc.a(_arm_fixdfsi.o)
 .debug_abbrev  0x0000000000008f94       0x14 /usr/lib/gcc/arm-none-eabi/10.3.1/thumb/v7e-m+fp/hard/libgcc.a(_arm_addsubsf3.o)
 .debug_abbrev  0x0000000000008fa8       0x14 /usr/lib/gcc/arm-none-eabi/10.3.1/thumb/v7e-m+fp/hard/libgcc.a(_aeabi_uldivmod.o)
 .debug_abbrev  0x0000000000008fbc      0x163 /usr/lib/gcc/arm-none-eabi/10.3.1/thumb/v7e-m+fp/hard/libgcc.a(_udivmoddi4.o)
 .debug_abbrev  0x000000000000911f       0x14 /usr/lib/gcc/arm-none-eabi/10.3.1/thumb/v7e-m+fp/hard/libgcc.a(_dvmd_tls.o)
 .debug_abbrev  0x0000000000009133       0x6d /usr/lib/gcc/arm-none-eabi/10.3.1/../../../arm-none-eabi/lib/thumb/v7e-m+fp/hard/libnosys.a(close.o)
 .debug_abbrev  0x00000000000091a0       0xcc /usr/lib/gcc/arm-none-eabi/10.3.1/../../../arm-none-eabi/lib/thumb/v7e-m+fp/hard/libnosys.a(fstat.o)
 .debug_abbrev  0x000000000000926c       0x59 /usr/lib/gcc/arm-none-eabi/10.3.1/../../../arm-none-eabi/lib/thumb/v7e-m+fp/hard/libnosys.a(getpid.o)
 .debug_abbrev  0x00000000000092c5       0x6d /usr/lib/gcc/arm-none-eabi/10.3.1/../../../arm-none-eabi/lib/thumb/v7e-m+fp/hard/libnosys.a(isatty.o)
 .debug_abbrev  0x0000000000009332       0x7e /usr/lib/gcc/arm-none-eabi/10.3.1/../../../arm-none-eabi/lib/thumb/v7e-m+fp/hard/libnosys.a(kill.o)
 .debug_abbrev  0x00000000000093b0       0x92 /usr/lib/gcc/arm-none-eabi/10.3.1/../../../arm-none-eabi/lib/thumb/v7e-m+fp/hard/libnosys.a(lseek.o)
 .debug_abbrev  0x0000000000009442       0x9b /usr/lib/gcc/arm-none-eabi/10.3.1/../../../arm-none-eabi/lib/thumb/v7e-m+fp/hard/libnosys.a(read.o)
 .debug_abbrev  0x00000000000094dd       0xa2 /usr/lib/gcc/arm-none-eabi/10.3.1/../../../arm-none-eabi/lib/thumb/v7e-m+fp/hard/libnosys.a(sbrk.o)
 .debug_abbrev  0x000000000000957f       0x9b /usr/lib/gcc/arm-none-eabi/10.3.1/../../../arm-none-eabi/lib/thumb/v7e-m+fp/hard/libnosys.a(write.o)
 .debug_abbrev  0x000000000000961a       0x6a /usr/lib/gcc/arm-none-eabi/10.3.1/../../../arm-none-eabi/lib/thumb/v7e-m+fp/hard/libnosys.a(_exit.o)

.debug_loc      0x0000000000000000    0x18f3a
 .debug_loc     0x0000000000000000       0xaa ./.obj/main.o
 .debug_loc     0x00000000000000aa      0x3c2 ./.obj/cli_queue.o
 .debug_loc     0x000000000000046c      0x627 ./.obj/cli_string.o
 .debug_loc     0x0000000000000a93      0x4b9 ./.obj/cli_input.o
 .debug_loc     0x0000000000000f4c       0xb2 ./.obj/cli_log.o
 .debug_loc     0x0000000000000ffe      0x35c ./.obj/cli_time.o
 .debug_loc     0x000000000000135a      0xacd ./.obj/terminal.o
 .debug_loc     0x0000000000001e27       0x30 ./.obj/my_test_commands.o
 .debug_loc     0x0000000000001e57      0x14f ./libopencm3/lib/libopencm3_stm32f4.a(gpio_common_f0234.o)
 .debug_loc     0x0000000000001fa6      0x120 ./libopencm3/lib/libopencm3_stm32f4.a(rcc_common_all.o)
 .debug_loc     0x00000000000020c6      0x867 ./libopencm3/lib/libopencm3_stm32f4.a(rcc.o)
 .debug_loc     0x000000000000292d      0x4b2 ./libopencm3/lib/libopencm3_stm32f4.a(timer_common_all.o)
 .debug_loc     0x0000000000002ddf      0x2cc ./libopencm3/lib/libopencm3_stm32f4.a(usart_common_all.o)
 .debug_loc     0x00000000000030ab       0x99 ./libopencm3/lib/libopencm3_stm32f4.a(usart_common_f124.o)
 .debug_loc     0x0000000000003144      0x128 ./libopencm3/lib/libopencm3_stm32f4.a(vector.o)
 .debug_loc     0x000000000000326c       0x25 ./libopencm3/lib/libopencm3_stm32f4.a(scb.o)
 .debug_loc     0x0000000000003291      0x14d ./libopencm3/lib/libopencm3_stm32f4.a(nvic.o)
 .debug_loc     0x00000000000033de       0x64 /usr/lib/gcc/arm-none-eabi/10.3.1/../../../arm-none-eabi/lib/thumb/v7e-m+fp/hard/libc.a(lib_a-malloc.o)
 .debug_loc     0x0000000000003442      0xea2 /usr/lib/gcc/arm-none-eabi/10.3.1/../../../arm-none-eabi/lib/thumb/v7e-m+fp/hard/libc.a(lib_a-mallocr.o)
 .debug_loc     0x00000000000042e4      0x1db /usr/lib/gcc/arm-none-eabi/10.3.1/../../../arm-none-eabi/lib/thumb/v7e-m+fp/hard/libc.a(lib_a-memcmp.o)
 .debug_loc     0x00000000000044bf       0x6c /usr/lib/gcc/arm-none-eabi/10.3.1/../../../arm-none-eabi/lib/thumb/v7e-m+fp/hard/libc.a(lib_a-sbrkr.o)
 .debug_loc     0x000000000000452b       0xb7 /usr/lib/gcc/arm-none-eabi/10.3.1/../../../arm-none-eabi/lib/thumb/v7e-m+fp/hard/libc.a(lib_a-sprintf.o)
 .debug_loc     0x00000000000045e2       0x25 /usr/lib/gcc/arm-none-eabi/10.3.1/../../../arm-none-eabi/lib/thumb/v7e-m+fp/hard/libc.a(lib_a-strcpy.o)
 .debug_loc     0x0000000000004607      0xaa7 /usr/lib/gcc/arm-none-eabi/10.3.1/../../../arm-none-eabi/lib/thumb/v7e-m+fp/hard/libc.a(lib_a-strtol.o)
 .debug_loc     0x00000000000050ae     0x340a /usr/lib/gcc/arm-none-eabi/10.3.1/../../../arm-none-eabi/lib/thumb/v7e-m+fp/hard/libc.a(lib_a-svfprintf.o)
 .debug_loc     0x00000000000084b8     0x3328 /usr/lib/gcc/arm-none-eabi/10.3.1/../../../arm-none-eabi/lib/thumb/v7e-m+fp/hard/libc.a(lib_a-dtoa.o)
 .debug_loc     0x000000000000b7e0      0x6cc /usr/lib/gcc/arm-none-eabi/10.3.1/../../../arm-none-eabi/lib/thumb/v7e-m+fp/hard/libc.a(lib_a-freer.o)
 .debug_loc     0x000000000000beac       0x6f /usr/lib/gcc/arm-none-eabi/10.3.1/../../../arm-none-eabi/lib/thumb/v7e-m+fp/hard/libc.a(lib_a-localeconv.o)
 .debug_loc     0x000000000000bf1b     0x2704 /usr/lib/gcc/arm-none-eabi/10.3.1/../../../arm-none-eabi/lib/thumb/v7e-m+fp/hard/libc.a(lib_a-mprec.o)
 .debug_loc     0x000000000000e61f      0x23e /usr/lib/gcc/arm-none-eabi/10.3.1/../../../arm-none-eabi/lib/thumb/v7e-m+fp/hard/libc.a(lib_a-reent.o)
 .debug_loc     0x000000000000e85d     0x1658 /usr/lib/gcc/arm-none-eabi/10.3.1/../../../arm-none-eabi/lib/thumb/v7e-m+fp/hard/libc.a(lib_a-svfiprintf.o)
 .debug_loc     0x000000000000feb5      0x185 /usr/lib/gcc/arm-none-eabi/10.3.1/../../../arm-none-eabi/lib/thumb/v7e-m+fp/hard/libc.a(lib_a-assert.o)
 .debug_loc     0x000000000001003a      0x2d6 /usr/lib/gcc/arm-none-eabi/10.3.1/../../../arm-none-eabi/lib/thumb/v7e-m+fp/hard/libc.a(lib_a-callocr.o)
 .debug_loc     0x0000000000010310       0xa6 /usr/lib/gcc/arm-none-eabi/10.3.1/../../../arm-none-eabi/lib/thumb/v7e-m+fp/hard/libc.a(lib_a-fiprintf.o)
 .debug_loc     0x00000000000103b6      0x27d /usr/lib/gcc/arm-none-eabi/10.3.1/../../../arm-none-eabi/lib/thumb/v7e-m+fp/hard/libc.a(lib_a-locale.o)
 .debug_loc     0x0000000000010633      0x21d /usr/lib/gcc/arm-none-eabi/10.3.1/../../../arm-none-eabi/lib/thumb/v7e-m+fp/hard/libc.a(lib_a-mbtowc_r.o)
 .debug_loc     0x0000000000010850      0x34f /usr/lib/gcc/arm-none-eabi/10.3.1/../../../arm-none-eabi/lib/thumb/v7e-m+fp/hard/libc.a(lib_a-memmove.o)
 .debug_loc     0x0000000000010b9f      0x22c /usr/lib/gcc/arm-none-eabi/10.3.1/../../../arm-none-eabi/lib/thumb/v7e-m+fp/hard/libc.a(lib_a-memset.o)
 .debug_loc     0x0000000000010dcb     0x17d9 /usr/lib/gcc/arm-none-eabi/10.3.1/../../../arm-none-eabi/lib/thumb/v7e-m+fp/hard/libc.a(lib_a-reallocr.o)
 .debug_loc     0x00000000000125a4     0x23a3 /usr/lib/gcc/arm-none-eabi/10.3.1/../../../arm-none-eabi/lib/thumb/v7e-m+fp/hard/libc.a(lib_a-vfiprintf.o)
 .debug_loc     0x0000000000014947      0x13a /usr/lib/gcc/arm-none-eabi/10.3.1/../../../arm-none-eabi/lib/thumb/v7e-m+fp/hard/libc.a(lib_a-wctomb_r.o)
 .debug_loc     0x0000000000014a81       0xe7 /usr/lib/gcc/arm-none-eabi/10.3.1/../../../arm-none-eabi/lib/thumb/v7e-m+fp/hard/libc.a(lib_a-wsetup.o)
 .debug_loc     0x0000000000014b68      0x441 /usr/lib/gcc/arm-none-eabi/10.3.1/../../../arm-none-eabi/lib/thumb/v7e-m+fp/hard/libc.a(lib_a-fflush.o)
 .debug_loc     0x0000000000014fa9      0x3cc /usr/lib/gcc/arm-none-eabi/10.3.1/../../../arm-none-eabi/lib/thumb/v7e-m+fp/hard/libc.a(lib_a-findfp.o)
 .debug_loc     0x0000000000015375      0x396 /usr/lib/gcc/arm-none-eabi/10.3.1/../../../arm-none-eabi/lib/thumb/v7e-m+fp/hard/libc.a(lib_a-fputwc.o)
 .debug_loc     0x000000000001570b      0x76c /usr/lib/gcc/arm-none-eabi/10.3.1/../../../arm-none-eabi/lib/thumb/v7e-m+fp/hard/libc.a(lib_a-fvwrite.o)
 .debug_loc     0x0000000000015e77      0x1bf /usr/lib/gcc/arm-none-eabi/10.3.1/../../../arm-none-eabi/lib/thumb/v7e-m+fp/hard/libc.a(lib_a-fwalk.o)
 .debug_loc     0x0000000000016036      0x39f /usr/lib/gcc/arm-none-eabi/10.3.1/../../../arm-none-eabi/lib/thumb/v7e-m+fp/hard/libc.a(lib_a-makebuf.o)
 .debug_loc     0x00000000000163d5      0x967 /usr/lib/gcc/arm-none-eabi/10.3.1/../../../arm-none-eabi/lib/thumb/v7e-m+fp/hard/libc.a(lib_a-signal.o)
 .debug_loc     0x0000000000016d3c       0xd0 /usr/lib/gcc/arm-none-eabi/10.3.1/../../../arm-none-eabi/lib/thumb/v7e-m+fp/hard/libc.a(lib_a-signalr.o)
 .debug_loc     0x0000000000016e0c      0x3a0 /usr/lib/gcc/arm-none-eabi/10.3.1/../../../arm-none-eabi/lib/thumb/v7e-m+fp/hard/libc.a(lib_a-stdio.o)
 .debug_loc     0x00000000000171ac      0x1b0 /usr/lib/gcc/arm-none-eabi/10.3.1/../../../arm-none-eabi/lib/thumb/v7e-m+fp/hard/libc.a(lib_a-wbuf.o)
 .debug_loc     0x000000000001735c      0x2b1 /usr/lib/gcc/arm-none-eabi/10.3.1/../../../arm-none-eabi/lib/thumb/v7e-m+fp/hard/libc.a(lib_a-wcrtomb.o)
 .debug_loc     0x000000000001760d       0xf7 /usr/lib/gcc/arm-none-eabi/10.3.1/../../../arm-none-eabi/lib/thumb/v7e-m+fp/hard/libc.a(lib_a-writer.o)
 .debug_loc     0x0000000000017704       0x6c /usr/lib/gcc/arm-none-eabi/10.3.1/../../../arm-none-eabi/lib/thumb/v7e-m+fp/hard/libc.a(lib_a-closer.o)
 .debug_loc     0x0000000000017770      0x2f1 /usr/lib/gcc/arm-none-eabi/10.3.1/../../../arm-none-eabi/lib/thumb/v7e-m+fp/hard/libc.a(lib_a-fclose.o)
 .debug_loc     0x0000000000017a61       0xab /usr/lib/gcc/arm-none-eabi/10.3.1/../../../arm-none-eabi/lib/thumb/v7e-m+fp/hard/libc.a(lib_a-fstatr.o)
 .debug_loc     0x0000000000017b0c       0x6c /usr/lib/gcc/arm-none-eabi/10.3.1/../../../arm-none-eabi/lib/thumb/v7e-m+fp/hard/libc.a(lib_a-isattyr.o)
 .debug_loc     0x0000000000017b78       0xf7 /usr/lib/gcc/arm-none-eabi/10.3.1/../../../arm-none-eabi/lib/thumb/v7e-m+fp/hard/libc.a(lib_a-lseekr.o)
 .debug_loc     0x0000000000017c6f       0xf7 /usr/lib/gcc/arm-none-eabi/10.3.1/../../../arm-none-eabi/lib/thumb/v7e-m+fp/hard/libc.a(lib_a-readr.o)
 .debug_loc     0x0000000000017d66     0x100f /usr/lib/gcc/arm-none-eabi/10.3.1/thumb/v7e-m+fp/hard/libgcc.a(_udivmoddi4.o)
 .debug_loc     0x0000000000018d75       0x25 /usr/lib/gcc/arm-none-eabi/10.3.1/../../../arm-none-eabi/lib/thumb/v7e-m+fp/hard/libnosys.a(close.o)
 .debug_loc     0x0000000000018d9a       0x25 /usr/lib/gcc/arm-none-eabi/10.3.1/../../../arm-none-eabi/lib/thumb/v7e-m+fp/hard/libnosys.a(fstat.o)
 .debug_loc     0x0000000000018dbf       0x25 /usr/lib/gcc/arm-none-eabi/10.3.1/../../../arm-none-eabi/lib/thumb/v7e-m+fp/hard/libnosys.a(isatty.o)
 .debug_loc     0x0000000000018de4       0x25 /usr/lib/gcc/arm-none-eabi/10.3.1/../../../arm-none-eabi/lib/thumb/v7e-m+fp/hard/libnosys.a(kill.o)
 .debug_loc     0x0000000000018e09       0x4a /usr/lib/gcc/arm-none-eabi/10.3.1/../../../arm-none-eabi/lib/thumb/v7e-m+fp/hard/libnosys.a(lseek.o)
 .debug_loc     0x0000000000018e53       0x4a /usr/lib/gcc/arm-none-eabi/10.3.1/../../../arm-none-eabi/lib/thumb/v7e-m+fp/hard/libnosys.a(read.o)
 .debug_loc     0x0000000000018e9d       0x3e /usr/lib/gcc/arm-none-eabi/10.3.1/../../../arm-none-eabi/lib/thumb/v7e-m+fp/hard/libnosys.a(sbrk.o)
 .debug_loc     0x0000000000018edb       0x4a /usr/lib/gcc/arm-none-eabi/10.3.1/../../../arm-none-eabi/lib/thumb/v7e-m+fp/hard/libnosys.a(write.o)
 .debug_loc     0x0000000000018f25       0x15 /usr/lib/gcc/arm-none-eabi/10.3.1/../../../arm-none-eabi/lib/thumb/v7e-m+fp/hard/libnosys.a(_exit.o)

.debug_aranges  0x0000000000000000     0x1278
 .debug_aranges
                0x0000000000000000       0x68 ./.obj/main.o
 .debug_aranges
                0x0000000000000068       0x38 ./.obj/Time.o
 .debug_aranges
                0x00000000000000a0       0x50 ./.obj/cli_queue.o
 .debug_aranges
                0x00000000000000f0       0x58 ./.obj/cli_string.o
 .debug_aranges
                0x0000000000000148       0xb8 ./.obj/cli_input.o
 .debug_aranges
                0x0000000000000200       0x48 ./.obj/cli_log.o
 .debug_aranges
                0x0000000000000248       0x48 ./.obj/cli_time.o
 .debug_aranges
                0x0000000000000290       0xe8 ./.obj/terminal.o
 .debug_aranges
                0x0000000000000378       0x30 ./.obj/my_test_commands.o
 .debug_aranges
                0x00000000000003a8       0x30 ./libopencm3/lib/libopencm3_stm32f4.a(gpio_common_f0234.o)
 .debug_aranges
                0x00000000000003d8       0x60 ./libopencm3/lib/libopencm3_stm32f4.a(rcc_common_all.o)
 .debug_aranges
                0x0000000000000438      0x110 ./libopencm3/lib/libopencm3_stm32f4.a(rcc.o)
 .debug_aranges
                0x0000000000000548      0x270 ./libopencm3/lib/libopencm3_stm32f4.a(timer_common_all.o)
 .debug_aranges
                0x00000000000007b8       0xf0 ./libopencm3/lib/libopencm3_stm32f4.a(usart_common_all.o)
 .debug_aranges
                0x00000000000008a8       0x40 ./libopencm3/lib/libopencm3_stm32f4.a(usart_common_f124.o)
 .debug_aranges
                0x00000000000008e8       0x30 ./libopencm3/lib/libopencm3_stm32f4.a(vector.o)
 .debug_aranges
                0x0000000000000918       0x30 ./libopencm3/lib/libopencm3_stm32f4.a(scb.o)
 .debug_aranges
                0x0000000000000948       0x60 ./libopencm3/lib/libopencm3_stm32f4.a(nvic.o)
 .debug_aranges
                0x00000000000009a8       0x20 /usr/lib/gcc/arm-none-eabi/10.3.1/../../../arm-none-eabi/lib/thumb/v7e-m+fp/hard/libc.a(lib_a-malloc.o)
 .debug_aranges
                0x00000000000009c8       0x20 /usr/lib/gcc/arm-none-eabi/10.3.1/../../../arm-none-eabi/lib/thumb/v7e-m+fp/hard/libc.a(lib_a-mallocr.o)
 .debug_aranges
                0x00000000000009e8       0x20 /usr/lib/gcc/arm-none-eabi/10.3.1/../../../arm-none-eabi/lib/thumb/v7e-m+fp/hard/libc.a(lib_a-memcmp.o)
 .debug_aranges
                0x0000000000000a08       0x20 /usr/lib/gcc/arm-none-eabi/10.3.1/../../../arm-none-eabi/lib/thumb/v7e-m+fp/hard/libc.a(lib_a-memcpy.o)
 .debug_aranges
                0x0000000000000a28       0x20 /usr/lib/gcc/arm-none-eabi/10.3.1/../../../arm-none-eabi/lib/thumb/v7e-m+fp/hard/libc.a(lib_a-mlock.o)
 .debug_aranges
                0x0000000000000a48       0x20 /usr/lib/gcc/arm-none-eabi/10.3.1/../../../arm-none-eabi/lib/thumb/v7e-m+fp/hard/libc.a(lib_a-sbrkr.o)
 .debug_aranges
                0x0000000000000a68       0x20 /usr/lib/gcc/arm-none-eabi/10.3.1/../../../arm-none-eabi/lib/thumb/v7e-m+fp/hard/libc.a(lib_a-sprintf.o)
 .debug_aranges
                0x0000000000000a88       0x20 /usr/lib/gcc/arm-none-eabi/10.3.1/../../../arm-none-eabi/lib/thumb/v7e-m+fp/hard/libc.a(lib_a-strcpy.o)
 .debug_aranges